Archive member included to satisfy reference by file (symbol)

c:/st/stm32cubeide_1.0.0/stm32cubeide/plugins/com.st.stm32cube.ide.mcu.externaltools.gnu-tools-for-stm32.7-2018-q2-update.win32_1.0.0.201904181610/tools/bin/../lib/gcc/arm-none-eabi/7.3.1/../../../../arm-none-eabi/lib/thumb/v7-m\libc_nano.a(lib_a-errno.o)
                              Src/syscalls.o (__errno)
c:/st/stm32cubeide_1.0.0/stm32cubeide/plugins/com.st.stm32cube.ide.mcu.externaltools.gnu-tools-for-stm32.7-2018-q2-update.win32_1.0.0.201904181610/tools/bin/../lib/gcc/arm-none-eabi/7.3.1/../../../../arm-none-eabi/lib/thumb/v7-m\libc_nano.a(lib_a-exit.o)
                              c:/st/stm32cubeide_1.0.0/stm32cubeide/plugins/com.st.stm32cube.ide.mcu.externaltools.gnu-tools-for-stm32.7-2018-q2-update.win32_1.0.0.201904181610/tools/bin/../lib/gcc/arm-none-eabi/7.3.1/../../../../arm-none-eabi/lib/thumb/v7-m/crt0.o (exit)
c:/st/stm32cubeide_1.0.0/stm32cubeide/plugins/com.st.stm32cube.ide.mcu.externaltools.gnu-tools-for-stm32.7-2018-q2-update.win32_1.0.0.201904181610/tools/bin/../lib/gcc/arm-none-eabi/7.3.1/../../../../arm-none-eabi/lib/thumb/v7-m\libc_nano.a(lib_a-impure.o)
                              c:/st/stm32cubeide_1.0.0/stm32cubeide/plugins/com.st.stm32cube.ide.mcu.externaltools.gnu-tools-for-stm32.7-2018-q2-update.win32_1.0.0.201904181610/tools/bin/../lib/gcc/arm-none-eabi/7.3.1/../../../../arm-none-eabi/lib/thumb/v7-m\libc_nano.a(lib_a-exit.o) (_global_impure_ptr)
c:/st/stm32cubeide_1.0.0/stm32cubeide/plugins/com.st.stm32cube.ide.mcu.externaltools.gnu-tools-for-stm32.7-2018-q2-update.win32_1.0.0.201904181610/tools/bin/../lib/gcc/arm-none-eabi/7.3.1/../../../../arm-none-eabi/lib/thumb/v7-m\libc_nano.a(lib_a-init.o)
                              c:/st/stm32cubeide_1.0.0/stm32cubeide/plugins/com.st.stm32cube.ide.mcu.externaltools.gnu-tools-for-stm32.7-2018-q2-update.win32_1.0.0.201904181610/tools/bin/../lib/gcc/arm-none-eabi/7.3.1/../../../../arm-none-eabi/lib/thumb/v7-m/crt0.o (__libc_init_array)
c:/st/stm32cubeide_1.0.0/stm32cubeide/plugins/com.st.stm32cube.ide.mcu.externaltools.gnu-tools-for-stm32.7-2018-q2-update.win32_1.0.0.201904181610/tools/bin/../lib/gcc/arm-none-eabi/7.3.1/../../../../arm-none-eabi/lib/thumb/v7-m\libc_nano.a(lib_a-memset.o)
                              c:/st/stm32cubeide_1.0.0/stm32cubeide/plugins/com.st.stm32cube.ide.mcu.externaltools.gnu-tools-for-stm32.7-2018-q2-update.win32_1.0.0.201904181610/tools/bin/../lib/gcc/arm-none-eabi/7.3.1/../../../../arm-none-eabi/lib/thumb/v7-m/crt0.o (memset)

Allocating common symbols
Common symbol       size              file

hUsbDeviceFS        0x2c4             Src/usb_device.o
APP_Tx_Buffer       0x40              Middlewares/ST/STM32_USB_Device_Library/Class/MIDI/Src/usbd_midi.o
htim4               0x40              Src/tim.o
uwTick              0x4               Drivers/STM32F1xx_HAL_Driver/Src/stm32f1xx_hal.o
pFlash              0x20              Drivers/STM32F1xx_HAL_Driver/Src/stm32f1xx_hal_flash.o
htim3               0x40              Src/tim.o
hadc1               0x30              Src/adc.o
USB_Rx_Buffer       0x40              Middlewares/ST/STM32_USB_Device_Library/Class/MIDI/Src/usbd_midi.o
hdma_adc1           0x44              Src/adc.o
hspi1               0x58              Src/spi.o
hpcd_USB_FS         0x26c             Src/usbd_conf.o
USBD_StrDesc        0x200             Src/usbd_desc.o

Discarded input sections

 .text          0x0000000000000000        0x0 c:/st/stm32cubeide_1.0.0/stm32cubeide/plugins/com.st.stm32cube.ide.mcu.externaltools.gnu-tools-for-stm32.7-2018-q2-update.win32_1.0.0.201904181610/tools/bin/../lib/gcc/arm-none-eabi/7.3.1/thumb/v7-m/crti.o
 .data          0x0000000000000000        0x0 c:/st/stm32cubeide_1.0.0/stm32cubeide/plugins/com.st.stm32cube.ide.mcu.externaltools.gnu-tools-for-stm32.7-2018-q2-update.win32_1.0.0.201904181610/tools/bin/../lib/gcc/arm-none-eabi/7.3.1/thumb/v7-m/crti.o
 .bss           0x0000000000000000        0x0 c:/st/stm32cubeide_1.0.0/stm32cubeide/plugins/com.st.stm32cube.ide.mcu.externaltools.gnu-tools-for-stm32.7-2018-q2-update.win32_1.0.0.201904181610/tools/bin/../lib/gcc/arm-none-eabi/7.3.1/thumb/v7-m/crti.o
 .data          0x0000000000000000        0x4 c:/st/stm32cubeide_1.0.0/stm32cubeide/plugins/com.st.stm32cube.ide.mcu.externaltools.gnu-tools-for-stm32.7-2018-q2-update.win32_1.0.0.201904181610/tools/bin/../lib/gcc/arm-none-eabi/7.3.1/thumb/v7-m/crtbegin.o
 .text          0x0000000000000000       0x74 c:/st/stm32cubeide_1.0.0/stm32cubeide/plugins/com.st.stm32cube.ide.mcu.externaltools.gnu-tools-for-stm32.7-2018-q2-update.win32_1.0.0.201904181610/tools/bin/../lib/gcc/arm-none-eabi/7.3.1/../../../../arm-none-eabi/lib/thumb/v7-m/crt0.o
[...]
Memory Configuration

Name             Origin             Length             Attributes
RAM              0x0000000020000000 0x0000000000005000 xrw
FLASH            0x0000000008000000 0x0000000000010000 xr
*default*        0x0000000000000000 0xffffffffffffffff

Linker script and memory map

LOAD c:/st/stm32cubeide_1.0.0/stm32cubeide/plugins/com.st.stm32cube.ide.mcu.externaltools.gnu-tools-for-stm32.7-2018-q2-update.win32_1.0.0.201904181610/tools/bin/../lib/gcc/arm-none-eabi/7.3.1/thumb/v7-m/crti.o
LOAD c:/st/stm32cubeide_1.0.0/stm32cubeide/plugins/com.st.stm32cube.ide.mcu.externaltools.gnu-tools-for-stm32.7-2018-q2-update.win32_1.0.0.201904181610/tools/bin/../lib/gcc/arm-none-eabi/7.3.1/thumb/v7-m/crtbegin.o
LOAD c:/st/stm32cubeide_1.0.0/stm32cubeide/plugins/com.st.stm32cube.ide.mcu.externaltools.gnu-tools-for-stm32.7-2018-q2-update.win32_1.0.0.201904181610/tools/bin/../lib/gcc/arm-none-eabi/7.3.1/../../../../arm-none-eabi/lib/thumb/v7-m/crt0.o
LOAD Drivers/STM32F1xx_HAL_Driver/Src/stm32f1xx_hal.o
LOAD Drivers/STM32F1xx_HAL_Driver/Src/stm32f1xx_hal_adc.o
LOAD Drivers/STM32F1xx_HAL_Driver/Src/stm32f1xx_hal_adc_ex.o
LOAD Drivers/STM32F1xx_HAL_Driver/Src/stm32f1xx_hal_cortex.o
LOAD Drivers/STM32F1xx_HAL_Driver/Src/stm32f1xx_hal_dma.o
LOAD Drivers/STM32F1xx_HAL_Driver/Src/stm32f1xx_hal_exti.o
LOAD Drivers/STM32F1xx_HAL_Driver/Src/stm32f1xx_hal_flash.o
LOAD Drivers/STM32F1xx_HAL_Driver/Src/stm32f1xx_hal_flash_ex.o
LOAD Drivers/STM32F1xx_HAL_Driver/Src/stm32f1xx_hal_gpio.o
LOAD Drivers/STM32F1xx_HAL_Driver/Src/stm32f1xx_hal_gpio_ex.o
LOAD Drivers/STM32F1xx_HAL_Driver/Src/stm32f1xx_hal_pcd.o
LOAD Drivers/STM32F1xx_HAL_Driver/Src/stm32f1xx_hal_pcd_ex.o
LOAD Drivers/STM32F1xx_HAL_Driver/Src/stm32f1xx_hal_pwr.o
LOAD Drivers/STM32F1xx_HAL_Driver/Src/stm32f1xx_hal_rcc.o
LOAD Drivers/STM32F1xx_HAL_Driver/Src/stm32f1xx_hal_rcc_ex.o
LOAD Drivers/STM32F1xx_HAL_Driver/Src/stm32f1xx_hal_spi.o
LOAD Drivers/STM32F1xx_HAL_Driver/Src/stm32f1xx_hal_tim.o
LOAD Drivers/STM32F1xx_HAL_Driver/Src/stm32f1xx_hal_tim_ex.o
LOAD Drivers/STM32F1xx_HAL_Driver/Src/stm32f1xx_ll_usb.o
LOAD Middlewares/ST/STM32_USB_Device_Library/Class/AUDIO/Src/usbd_audio.o
LOAD Middlewares/ST/STM32_USB_Device_Library/Class/MIDI/Src/usbd_midi.o
LOAD Middlewares/ST/STM32_USB_Device_Library/Core/Src/usbd_core.o
LOAD Middlewares/ST/STM32_USB_Device_Library/Core/Src/usbd_ctlreq.o
LOAD Middlewares/ST/STM32_USB_Device_Library/Core/Src/usbd_ioreq.o
LOAD Src/adc.o
LOAD Src/dma.o
LOAD Src/gpio.o
LOAD Src/main.o
LOAD Src/spi.o
LOAD Src/stm32f1xx_hal_msp.o
LOAD Src/stm32f1xx_it.o
LOAD Src/sys.o
LOAD Src/syscalls.o
LOAD Src/sysmem.o
LOAD Src/system_stm32f1xx.o
LOAD Src/tim.o
LOAD Src/usb_device.o
LOAD Src/usbd_audio_if.o
LOAD Src/usbd_conf.o
LOAD Src/usbd_desc.o
LOAD Src/usbd_midi_if.o
LOAD startup/startup_stm32f103xb.o
START GROUP
LOAD c:/st/stm32cubeide_1.0.0/stm32cubeide/plugins/com.st.stm32cube.ide.mcu.externaltools.gnu-tools-for-stm32.7-2018-q2-update.win32_1.0.0.201904181610/tools/bin/../lib/gcc/arm-none-eabi/7.3.1/../../../../arm-none-eabi/lib/thumb/v7-m\libc_nano.a
LOAD c:/st/stm32cubeide_1.0.0/stm32cubeide/plugins/com.st.stm32cube.ide.mcu.externaltools.gnu-tools-for-stm32.7-2018-q2-update.win32_1.0.0.201904181610/tools/bin/../lib/gcc/arm-none-eabi/7.3.1/../../../../arm-none-eabi/lib/thumb/v7-m\libm.a
END GROUP
START GROUP
LOAD c:/st/stm32cubeide_1.0.0/stm32cubeide/plugins/com.st.stm32cube.ide.mcu.externaltools.gnu-tools-for-stm32.7-2018-q2-update.win32_1.0.0.201904181610/tools/bin/../lib/gcc/arm-none-eabi/7.3.1/thumb/v7-m\libgcc.a
LOAD c:/st/stm32cubeide_1.0.0/stm32cubeide/plugins/com.st.stm32cube.ide.mcu.externaltools.gnu-tools-for-stm32.7-2018-q2-update.win32_1.0.0.201904181610/tools/bin/../lib/gcc/arm-none-eabi/7.3.1/../../../../arm-none-eabi/lib/thumb/v7-m\libc_nano.a
END GROUP
START GROUP
LOAD c:/st/stm32cubeide_1.0.0/stm32cubeide/plugins/com.st.stm32cube.ide.mcu.externaltools.gnu-tools-for-stm32.7-2018-q2-update.win32_1.0.0.201904181610/tools/bin/../lib/gcc/arm-none-eabi/7.3.1/thumb/v7-m\libgcc.a
LOAD c:/st/stm32cubeide_1.0.0/stm32cubeide/plugins/com.st.stm32cube.ide.mcu.externaltools.gnu-tools-for-stm32.7-2018-q2-update.win32_1.0.0.201904181610/tools/bin/../lib/gcc/arm-none-eabi/7.3.1/../../../../arm-none-eabi/lib/thumb/v7-m\libc_nano.a
LOAD c:/st/stm32cubeide_1.0.0/stm32cubeide/plugins/com.st.stm32cube.ide.mcu.externaltools.gnu-tools-for-stm32.7-2018-q2-update.win32_1.0.0.201904181610/tools/bin/../lib/gcc/arm-none-eabi/7.3.1/../../../../arm-none-eabi/lib/thumb/v7-m\libnosys.a
END GROUP
START GROUP
LOAD c:/st/stm32cubeide_1.0.0/stm32cubeide/plugins/com.st.stm32cube.ide.mcu.externaltools.gnu-tools-for-stm32.7-2018-q2-update.win32_1.0.0.201904181610/tools/bin/../lib/gcc/arm-none-eabi/7.3.1/thumb/v7-m\libgcc.a
LOAD c:/st/stm32cubeide_1.0.0/stm32cubeide/plugins/com.st.stm32cube.ide.mcu.externaltools.gnu-tools-for-stm32.7-2018-q2-update.win32_1.0.0.201904181610/tools/bin/../lib/gcc/arm-none-eabi/7.3.1/../../../../arm-none-eabi/lib/thumb/v7-m\libc_nano.a
LOAD c:/st/stm32cubeide_1.0.0/stm32cubeide/plugins/com.st.stm32cube.ide.mcu.externaltools.gnu-tools-for-stm32.7-2018-q2-update.win32_1.0.0.201904181610/tools/bin/../lib/gcc/arm-none-eabi/7.3.1/../../../../arm-none-eabi/lib/thumb/v7-m\libnosys.a
END GROUP
LOAD c:/st/stm32cubeide_1.0.0/stm32cubeide/plugins/com.st.stm32cube.ide.mcu.externaltools.gnu-tools-for-stm32.7-2018-q2-update.win32_1.0.0.201904181610/tools/bin/../lib/gcc/arm-none-eabi/7.3.1/thumb/v7-m/crtend.o
LOAD c:/st/stm32cubeide_1.0.0/stm32cubeide/plugins/com.st.stm32cube.ide.mcu.externaltools.gnu-tools-for-stm32.7-2018-q2-update.win32_1.0.0.201904181610/tools/bin/../lib/gcc/arm-none-eabi/7.3.1/thumb/v7-m/crtn.o
                0x0000000020005000                _estack = 0x20005000
                0x0000000000000200                _Min_Heap_Size = 0x200
                0x0000000000000400                _Min_Stack_Size = 0x400

.isr_vector     0x0000000008000000      0x10c
                0x0000000008000000                . = ALIGN (0x4)
 *(.isr_vector)
 .isr_vector    0x0000000008000000      0x10c startup/startup_stm32f103xb.o
                0x0000000008000000                g_pfnVectors
                0x000000000800010c                . = ALIGN (0x4)

.text           0x000000000800010c     0x6408
                0x000000000800010c                . = ALIGN (0x4)
 *(.text)
 .text          0x000000000800010c       0x40 c:/st/stm32cubeide_1.0.0/stm32cubeide/plugins/com.st.stm32cube.ide.mcu.externaltools.gnu-tools-for-stm32.7-2018-q2-update.win32_1.0.0.201904181610/tools/bin/../lib/gcc/arm-none-eabi/7.3.1/thumb/v7-m/crtbegin.o
 *(.text*)
 .text.HAL_InitTick
                0x000000000800014c       0x48 Drivers/STM32F1xx_HAL_Driver/Src/stm32f1xx_hal.o
                0x000000000800014c                HAL_InitTick
 .text.HAL_Init
                0x0000000008000194       0x24 Drivers/STM32F1xx_HAL_Driver/Src/stm32f1xx_hal.o
                0x0000000008000194                HAL_Init
 .text.HAL_IncTick
                0x00000000080001b8       0x18 Drivers/STM32F1xx_HAL_Driver/Src/stm32f1xx_hal.o
                0x00000000080001b8                HAL_IncTick
 .text.HAL_GetTick
                0x00000000080001d0        0xc Drivers/STM32F1xx_HAL_Driver/Src/stm32f1xx_hal.o
                0x00000000080001d0                HAL_GetTick
 .text.HAL_Delay
                0x00000000080001dc       0x28 Drivers/STM32F1xx_HAL_Driver/Src/stm32f1xx_hal.o
                0x00000000080001dc                HAL_Delay
 .text.ADC_DMAConvCplt
                0x0000000008000204       0x52 Drivers/STM32F1xx_HAL_Driver/Src/stm32f1xx_hal_adc.o
                0x0000000008000204                ADC_DMAConvCplt
 .text.HAL_ADC_ConvHalfCpltCallback
                0x0000000008000256        0x2 Drivers/STM32F1xx_HAL_Driver/Src/stm32f1xx_hal_adc.o
                0x0000000008000256                HAL_ADC_ConvHalfCpltCallback
 .text.ADC_DMAHalfConvCplt
                0x0000000008000258        0xa Drivers/STM32F1xx_HAL_Driver/Src/stm32f1xx_hal_adc.o
                0x0000000008000258                ADC_DMAHalfConvCplt
 .text.HAL_ADC_ErrorCallback
                0x0000000008000262        0x2 Drivers/STM32F1xx_HAL_Driver/Src/stm32f1xx_hal_adc.o
                0x0000000008000262                HAL_ADC_ErrorCallback
 .text.ADC_DMAError
                0x0000000008000264       0x1a Drivers/STM32F1xx_HAL_Driver/Src/stm32f1xx_hal_adc.o
                0x0000000008000264                ADC_DMAError
 *fill*         0x000000000800027e        0x2 
 .text.HAL_ADC_ConfigChannel
                0x0000000008000280      0x190 Drivers/STM32F1xx_HAL_Driver/Src/stm32f1xx_hal_adc.o
                0x0000000008000280                HAL_ADC_ConfigChannel
 .text.ADC_Enable
                0x0000000008000410       0x80 Drivers/STM32F1xx_HAL_Driver/Src/stm32f1xx_hal_adc.o
                0x0000000008000410                ADC_Enable
 .text.HAL_ADC_Start_DMA
                0x0000000008000490      0x148 Drivers/STM32F1xx_HAL_Driver/Src/stm32f1xx_hal_adc.o
                0x0000000008000490                HAL_ADC_Start_DMA
 .text.ADC_ConversionStop_Disable
                0x00000000080005d8       0x4c Drivers/STM32F1xx_HAL_Driver/Src/stm32f1xx_hal_adc.o
                0x00000000080005d8                ADC_ConversionStop_Disable
 .text.HAL_ADC_Init
                0x0000000008000624      0x1f0 Drivers/STM32F1xx_HAL_Driver/Src/stm32f1xx_hal_adc.o
                0x0000000008000624                HAL_ADC_Init
 .text.HAL_ADCEx_Calibration_Start
                0x0000000008000814      0x10c Drivers/STM32F1xx_HAL_Driver/Src/stm32f1xx_hal_adc_ex.o
                0x0000000008000814                HAL_ADCEx_Calibration_Start
 .text.HAL_NVIC_SetPriorityGrouping
                0x0000000008000920       0x3c Drivers/STM32F1xx_HAL_Driver/Src/stm32f1xx_hal_cortex.o
                0x0000000008000920                HAL_NVIC_SetPriorityGrouping
 .text.HAL_NVIC_SetPriority
                0x000000000800095c       0x8c Drivers/STM32F1xx_HAL_Driver/Src/stm32f1xx_hal_cortex.o
                0x000000000800095c                HAL_NVIC_SetPriority
 .text.HAL_NVIC_EnableIRQ
                0x00000000080009e8       0x30 Drivers/STM32F1xx_HAL_Driver/Src/stm32f1xx_hal_cortex.o
                0x00000000080009e8                HAL_NVIC_EnableIRQ
 .text.HAL_SYSTICK_Config
                0x0000000008000a18       0x2c Drivers/STM32F1xx_HAL_Driver/Src/stm32f1xx_hal_cortex.o
                0x0000000008000a18                HAL_SYSTICK_Config
 .text.DMA_SetConfig
                0x0000000008000a44       0x2c Drivers/STM32F1xx_HAL_Driver/Src/stm32f1xx_hal_dma.o
 .text.HAL_DMA_Init
                0x0000000008000a70      0x150 Drivers/STM32F1xx_HAL_Driver/Src/stm32f1xx_hal_dma.o
                0x0000000008000a70                HAL_DMA_Init
 .text.HAL_DMA_Start_IT
                0x0000000008000bc0       0x9c Drivers/STM32F1xx_HAL_Driver/Src/stm32f1xx_hal_dma.o
                0x0000000008000bc0                HAL_DMA_Start_IT
 .text.HAL_DMA_IRQHandler
                0x0000000008000c5c      0x144 Drivers/STM32F1xx_HAL_Driver/Src/stm32f1xx_hal_dma.o
                0x0000000008000c5c                HAL_DMA_IRQHandler
 .text.HAL_GPIO_Init
                0x0000000008000da0      0x31c Drivers/STM32F1xx_HAL_Driver/Src/stm32f1xx_hal_gpio.o
                0x0000000008000da0                HAL_GPIO_Init
 .text.HAL_GPIO_ReadPin
                0x00000000080010bc       0x28 Drivers/STM32F1xx_HAL_Driver/Src/stm32f1xx_hal_gpio.o
                0x00000000080010bc                HAL_GPIO_ReadPin
 .text.HAL_GPIO_WritePin
                0x00000000080010e4       0x38 Drivers/STM32F1xx_HAL_Driver/Src/stm32f1xx_hal_gpio.o
                0x00000000080010e4                HAL_GPIO_WritePin
 .text.HAL_GPIO_EXTI_IRQHandler
                0x000000000800111c       0x1c Drivers/STM32F1xx_HAL_Driver/Src/stm32f1xx_hal_gpio.o
                0x000000000800111c                HAL_GPIO_EXTI_IRQHandler
 .text.HAL_PCD_Init
                0x0000000008001138      0x110 Drivers/STM32F1xx_HAL_Driver/Src/stm32f1xx_hal_pcd.o
                0x0000000008001138                HAL_PCD_Init
 .text.HAL_PCD_Start
                0x0000000008001248       0x2e Drivers/STM32F1xx_HAL_Driver/Src/stm32f1xx_hal_pcd.o
                0x0000000008001248                HAL_PCD_Start
 .text.HAL_PCD_Stop
                0x0000000008001276       0x40 Drivers/STM32F1xx_HAL_Driver/Src/stm32f1xx_hal_pcd.o
                0x0000000008001276                HAL_PCD_Stop
 .text.HAL_PCD_SetAddress
                0x00000000080012b6       0x28 Drivers/STM32F1xx_HAL_Driver/Src/stm32f1xx_hal_pcd.o
                0x00000000080012b6                HAL_PCD_SetAddress
 .text.HAL_PCD_EP_Open
                0x00000000080012de       0x70 Drivers/STM32F1xx_HAL_Driver/Src/stm32f1xx_hal_pcd.o
                0x00000000080012de                HAL_PCD_EP_Open
 .text.HAL_PCD_EP_Close
                0x000000000800134e       0x5c Drivers/STM32F1xx_HAL_Driver/Src/stm32f1xx_hal_pcd.o
                0x000000000800134e                HAL_PCD_EP_Close
 .text.HAL_PCD_EP_Receive
                0x00000000080013aa       0x3e Drivers/STM32F1xx_HAL_Driver/Src/stm32f1xx_hal_pcd.o
                0x00000000080013aa                HAL_PCD_EP_Receive
 .text.HAL_PCD_EP_Transmit
                0x00000000080013e8       0x3c Drivers/STM32F1xx_HAL_Driver/Src/stm32f1xx_hal_pcd.o
                0x00000000080013e8                HAL_PCD_EP_Transmit
 .text.PCD_EP_ISR_Handler
                0x0000000008001424      0x370 Drivers/STM32F1xx_HAL_Driver/Src/stm32f1xx_hal_pcd.o
 .text.HAL_PCD_IRQHandler
                0x0000000008001794      0x172 Drivers/STM32F1xx_HAL_Driver/Src/stm32f1xx_hal_pcd.o
                0x0000000008001794                HAL_PCD_IRQHandler
 .text.HAL_PCD_EP_SetStall
                0x0000000008001906       0x6e Drivers/STM32F1xx_HAL_Driver/Src/stm32f1xx_hal_pcd.o
                0x0000000008001906                HAL_PCD_EP_SetStall
 .text.HAL_PCD_EP_ClrStall
                0x0000000008001974       0x6e Drivers/STM32F1xx_HAL_Driver/Src/stm32f1xx_hal_pcd.o
                0x0000000008001974                HAL_PCD_EP_ClrStall
 .text.HAL_PCDEx_PMAConfig
                0x00000000080019e2       0x30 Drivers/STM32F1xx_HAL_Driver/Src/stm32f1xx_hal_pcd_ex.o
                0x00000000080019e2                HAL_PCDEx_PMAConfig
 *fill*         0x0000000008001a12        0x2 
 .text.RCC_Delay
                0x0000000008001a14       0x2c Drivers/STM32F1xx_HAL_Driver/Src/stm32f1xx_hal_rcc.o
 .text.HAL_RCC_OscConfig
                0x0000000008001a40      0x544 Drivers/STM32F1xx_HAL_Driver/Src/stm32f1xx_hal_rcc.o
                0x0000000008001a40                HAL_RCC_OscConfig
 .text.HAL_RCC_GetSysClockFreq
                0x0000000008001f84       0x78 Drivers/STM32F1xx_HAL_Driver/Src/stm32f1xx_hal_rcc.o
                0x0000000008001f84                HAL_RCC_GetSysClockFreq
 .text.HAL_RCC_ClockConfig
                0x0000000008001ffc      0x224 Drivers/STM32F1xx_HAL_Driver/Src/stm32f1xx_hal_rcc.o
                0x0000000008001ffc                HAL_RCC_ClockConfig
 .text.HAL_RCC_GetHCLKFreq
                0x0000000008002220        0xc Drivers/STM32F1xx_HAL_Driver/Src/stm32f1xx_hal_rcc.o
                0x0000000008002220                HAL_RCC_GetHCLKFreq
 .text.HAL_RCC_GetPCLK2Freq
                0x000000000800222c       0x20 Drivers/STM32F1xx_HAL_Driver/Src/stm32f1xx_hal_rcc.o
                0x000000000800222c                HAL_RCC_GetPCLK2Freq
 .text.HAL_RCCEx_PeriphCLKConfig
                0x000000000800224c      0x180 Drivers/STM32F1xx_HAL_Driver/Src/stm32f1xx_hal_rcc_ex.o
                0x000000000800224c                HAL_RCCEx_PeriphCLKConfig
 .text.HAL_RCCEx_GetPeriphCLKFreq
                0x00000000080023cc      0x110 Drivers/STM32F1xx_HAL_Driver/Src/stm32f1xx_hal_rcc_ex.o
                0x00000000080023cc                HAL_RCCEx_GetPeriphCLKFreq
 .text.SPI_WaitFlagStateUntilTimeout
                0x00000000080024dc       0x90 Drivers/STM32F1xx_HAL_Driver/Src/stm32f1xx_hal_spi.o
 .text.SPI_EndRxTxTransaction
                0x000000000800256c       0x28 Drivers/STM32F1xx_HAL_Driver/Src/stm32f1xx_hal_spi.o
 .text.HAL_SPI_Init
                0x0000000008002594      0x184 Drivers/STM32F1xx_HAL_Driver/Src/stm32f1xx_hal_spi.o
                0x0000000008002594                HAL_SPI_Init
 .text.HAL_SPI_Transmit
                0x0000000008002718      0x1b4 Drivers/STM32F1xx_HAL_Driver/Src/stm32f1xx_hal_spi.o
                0x0000000008002718                HAL_SPI_Transmit
 .text.HAL_SPI_TransmitReceive
                0x00000000080028cc      0x244 Drivers/STM32F1xx_HAL_Driver/Src/stm32f1xx_hal_spi.o
                0x00000000080028cc                HAL_SPI_TransmitReceive
 .text.TIM_TI1_ConfigInputStage
                0x0000000008002b10       0x24 Drivers/STM32F1xx_HAL_Driver/Src/stm32f1xx_hal_tim.o
 .text.TIM_TI2_ConfigInputStage
                0x0000000008002b34       0x26 Drivers/STM32F1xx_HAL_Driver/Src/stm32f1xx_hal_tim.o
 .text.TIM_ITRx_SetConfig
                0x0000000008002b5a       0x10 Drivers/STM32F1xx_HAL_Driver/Src/stm32f1xx_hal_tim.o
 *fill*         0x0000000008002b6a        0x2 
 .text.HAL_TIM_Base_Start_IT
                0x0000000008002b6c       0x58 Drivers/STM32F1xx_HAL_Driver/Src/stm32f1xx_hal_tim.o
                0x0000000008002b6c                HAL_TIM_Base_Start_IT
 .text.HAL_TIM_PeriodElapsedCallback
                0x0000000008002bc4        0x2 Drivers/STM32F1xx_HAL_Driver/Src/stm32f1xx_hal_tim.o
                0x0000000008002bc4                HAL_TIM_PeriodElapsedCallback
 .text.HAL_TIM_OC_DelayElapsedCallback
                0x0000000008002bc6        0x2 Drivers/STM32F1xx_HAL_Driver/Src/stm32f1xx_hal_tim.o
                0x0000000008002bc6                HAL_TIM_OC_DelayElapsedCallback
 .text.HAL_TIM_PWM_PulseFinishedCallback
                0x0000000008002bc8        0x2 Drivers/STM32F1xx_HAL_Driver/Src/stm32f1xx_hal_tim.o
                0x0000000008002bc8                HAL_TIM_PWM_PulseFinishedCallback
 .text.HAL_TIM_TriggerCallback
                0x0000000008002bca        0x2 Drivers/STM32F1xx_HAL_Driver/Src/stm32f1xx_hal_tim.o
                0x0000000008002bca                HAL_TIM_TriggerCallback
 .text.HAL_TIM_IRQHandler
                0x0000000008002bcc      0x17a Drivers/STM32F1xx_HAL_Driver/Src/stm32f1xx_hal_tim.o
                0x0000000008002bcc                HAL_TIM_IRQHandler
 *fill*         0x0000000008002d46        0x2 
 .text.TIM_Base_SetConfig
                0x0000000008002d48       0x74 Drivers/STM32F1xx_HAL_Driver/Src/stm32f1xx_hal_tim.o
                0x0000000008002d48                TIM_Base_SetConfig
 .text.HAL_TIM_Base_Init
                0x0000000008002dbc       0xb8 Drivers/STM32F1xx_HAL_Driver/Src/stm32f1xx_hal_tim.o
                0x0000000008002dbc                HAL_TIM_Base_Init
 .text.HAL_TIM_Encoder_Init
                0x0000000008002e74      0x204 Drivers/STM32F1xx_HAL_Driver/Src/stm32f1xx_hal_tim.o
                0x0000000008002e74                HAL_TIM_Encoder_Init
 .text.TIM_ETR_SetConfig
                0x0000000008003078       0x16 Drivers/STM32F1xx_HAL_Driver/Src/stm32f1xx_hal_tim.o
                0x0000000008003078                TIM_ETR_SetConfig
 *fill*         0x000000000800308e        0x2 
 .text.HAL_TIM_ConfigClockSource
                0x0000000008003090      0x38c Drivers/STM32F1xx_HAL_Driver/Src/stm32f1xx_hal_tim.o
                0x0000000008003090                HAL_TIM_ConfigClockSource
 .text.TIM_CCxChannelCmd
                0x000000000800341c       0x70 Drivers/STM32F1xx_HAL_Driver/Src/stm32f1xx_hal_tim.o
                0x000000000800341c                TIM_CCxChannelCmd
 .text.HAL_TIM_Encoder_Start_IT
                0x000000000800348c       0xa0 Drivers/STM32F1xx_HAL_Driver/Src/stm32f1xx_hal_tim.o
                0x000000000800348c                HAL_TIM_Encoder_Start_IT
 .text.HAL_TIMEx_MasterConfigSynchronization
                0x000000000800352c       0xb8 Drivers/STM32F1xx_HAL_Driver/Src/stm32f1xx_hal_tim_ex.o
                0x000000000800352c                HAL_TIMEx_MasterConfigSynchronization
 .text.HAL_TIMEx_CommutCallback
                0x00000000080035e4        0x2 Drivers/STM32F1xx_HAL_Driver/Src/stm32f1xx_hal_tim_ex.o
                0x00000000080035e4                HAL_TIMEx_CommutCallback
 .text.HAL_TIMEx_BreakCallback
                0x00000000080035e6        0x2 Drivers/STM32F1xx_HAL_Driver/Src/stm32f1xx_hal_tim_ex.o
                0x00000000080035e6                HAL_TIMEx_BreakCallback
 .text.USB_CoreInit
                0x00000000080035e8        0xe Drivers/STM32F1xx_HAL_Driver/Src/stm32f1xx_ll_usb.o
                0x00000000080035e8                USB_CoreInit
 .text.USB_EnableGlobalInt
                0x00000000080035f6       0x10 Drivers/STM32F1xx_HAL_Driver/Src/stm32f1xx_ll_usb.o
                0x00000000080035f6                USB_EnableGlobalInt
 .text.USB_DisableGlobalInt
                0x0000000008003606       0x14 Drivers/STM32F1xx_HAL_Driver/Src/stm32f1xx_ll_usb.o
                0x0000000008003606                USB_DisableGlobalInt
 .text.USB_SetCurrentMode
                0x000000000800361a        0x4 Drivers/STM32F1xx_HAL_Driver/Src/stm32f1xx_ll_usb.o
                0x000000000800361a                USB_SetCurrentMode
 .text.USB_DevInit
                0x000000000800361e       0x2c Drivers/STM32F1xx_HAL_Driver/Src/stm32f1xx_ll_usb.o
                0x000000000800361e                USB_DevInit
 .text.USB_ActivateEndpoint
                0x000000000800364a      0x368 Drivers/STM32F1xx_HAL_Driver/Src/stm32f1xx_ll_usb.o
                0x000000000800364a                USB_ActivateEndpoint
 .text.USB_DeactivateEndpoint
                0x00000000080039b2      0x1d4 Drivers/STM32F1xx_HAL_Driver/Src/stm32f1xx_ll_usb.o
                0x00000000080039b2                USB_DeactivateEndpoint
 .text.USB_EPSetStall
                0x0000000008003b86       0x4a Drivers/STM32F1xx_HAL_Driver/Src/stm32f1xx_ll_usb.o
                0x0000000008003b86                USB_EPSetStall
 .text.USB_EPClearStall
                0x0000000008003bd0       0xa2 Drivers/STM32F1xx_HAL_Driver/Src/stm32f1xx_ll_usb.o
                0x0000000008003bd0                USB_EPClearStall
 .text.USB_StopDevice
                0x0000000008003c72       0x16 Drivers/STM32F1xx_HAL_Driver/Src/stm32f1xx_ll_usb.o
                0x0000000008003c72                USB_StopDevice
 .text.USB_SetDevAddress
                0x0000000008003c88        0xc Drivers/STM32F1xx_HAL_Driver/Src/stm32f1xx_ll_usb.o
                0x0000000008003c88                USB_SetDevAddress
 .text.USB_DevConnect
                0x0000000008003c94        0x4 Drivers/STM32F1xx_HAL_Driver/Src/stm32f1xx_ll_usb.o
                0x0000000008003c94                USB_DevConnect
 .text.USB_DevDisconnect
                0x0000000008003c98        0x4 Drivers/STM32F1xx_HAL_Driver/Src/stm32f1xx_ll_usb.o
                0x0000000008003c98                USB_DevDisconnect
 .text.USB_ReadInterrupts
                0x0000000008003c9c        0x6 Drivers/STM32F1xx_HAL_Driver/Src/stm32f1xx_ll_usb.o
                0x0000000008003c9c                USB_ReadInterrupts
 .text.USB_EP0_OutStart
                0x0000000008003ca2        0x4 Drivers/STM32F1xx_HAL_Driver/Src/stm32f1xx_ll_usb.o
                0x0000000008003ca2                USB_EP0_OutStart
 .text.USB_WritePMA
                0x0000000008003ca6       0x2a Drivers/STM32F1xx_HAL_Driver/Src/stm32f1xx_ll_usb.o
                0x0000000008003ca6                USB_WritePMA
 .text.USB_EPStartXfer
                0x0000000008003cd0      0x320 Drivers/STM32F1xx_HAL_Driver/Src/stm32f1xx_ll_usb.o
                0x0000000008003cd0                USB_EPStartXfer
 .text.USB_ReadPMA
                0x0000000008003ff0       0x30 Drivers/STM32F1xx_HAL_Driver/Src/stm32f1xx_ll_usb.o
                0x0000000008003ff0                USB_ReadPMA
 .text.USBD_AUDIO_GetCfgDesc
                0x0000000008004020        0xc Middlewares/ST/STM32_USB_Device_Library/Class/AUDIO/Src/usbd_audio.o
 .text.USBD_AUDIO_DataIn
                0x000000000800402c        0x4 Middlewares/ST/STM32_USB_Device_Library/Class/AUDIO/Src/usbd_audio.o
 .text.USBD_AUDIO_EP0_RxReady
                0x0000000008004030       0x3c Middlewares/ST/STM32_USB_Device_Library/Class/AUDIO/Src/usbd_audio.o
 .text.USBD_AUDIO_EP0_TxReady
                0x000000000800406c        0x4 Middlewares/ST/STM32_USB_Device_Library/Class/AUDIO/Src/usbd_audio.o
 .text.USBD_AUDIO_SOF
                0x0000000008004070        0x4 Middlewares/ST/STM32_USB_Device_Library/Class/AUDIO/Src/usbd_audio.o
 .text.USBD_AUDIO_IsoINIncomplete
                0x0000000008004074        0x4 Middlewares/ST/STM32_USB_Device_Library/Class/AUDIO/Src/usbd_audio.o
 .text.USBD_AUDIO_IsoOutIncomplete
                0x0000000008004078        0x4 Middlewares/ST/STM32_USB_Device_Library/Class/AUDIO/Src/usbd_audio.o
 .text.USBD_AUDIO_GetDeviceQualifierDesc
                0x000000000800407c        0xc Middlewares/ST/STM32_USB_Device_Library/Class/AUDIO/Src/usbd_audio.o
 .text.USBD_AUDIO_DataOut
                0x0000000008004088       0x80 Middlewares/ST/STM32_USB_Device_Library/Class/AUDIO/Src/usbd_audio.o
 .text.AUDIO_REQ_GetCurrent
                0x0000000008004108       0x26 Middlewares/ST/STM32_USB_Device_Library/Class/AUDIO/Src/usbd_audio.o
 .text.AUDIO_REQ_SetCurrent
                0x000000000800412e       0x34 Middlewares/ST/STM32_USB_Device_Library/Class/AUDIO/Src/usbd_audio.o
 *fill*         0x0000000008004162        0x2 
 .text.USBD_AUDIO_Setup
                0x0000000008004164       0xe4 Middlewares/ST/STM32_USB_Device_Library/Class/AUDIO/Src/usbd_audio.o
 .text.USBD_AUDIO_DeInit
                0x0000000008004248       0x32 Middlewares/ST/STM32_USB_Device_Library/Class/AUDIO/Src/usbd_audio.o
 .text.USBD_AUDIO_Init
                0x000000000800427a       0x6a Middlewares/ST/STM32_USB_Device_Library/Class/AUDIO/Src/usbd_audio.o
 .text.USBD_AUDIO_RegisterInterface
                0x00000000080042e4        0xa Middlewares/ST/STM32_USB_Device_Library/Class/AUDIO/Src/usbd_audio.o
                0x00000000080042e4                USBD_AUDIO_RegisterInterface
 *fill*         0x00000000080042ee        0x2 
 .text.USBD_MIDI_DataIn
                0x00000000080042f0       0x18 Middlewares/ST/STM32_USB_Device_Library/Class/MIDI/Src/usbd_midi.o
 .text.USBD_MIDI_GetCfgDesc
                0x0000000008004308        0xc Middlewares/ST/STM32_USB_Device_Library/Class/MIDI/Src/usbd_midi.o
 .text.USBD_MIDI_DataOut
                0x0000000008004314       0x58 Middlewares/ST/STM32_USB_Device_Library/Class/MIDI/Src/usbd_midi.o
 .text.USBD_MIDI_DeInit
                0x000000000800436c       0x20 Middlewares/ST/STM32_USB_Device_Library/Class/MIDI/Src/usbd_midi.o
 .text.USBD_MIDI_Init
                0x000000000800438c       0x38 Middlewares/ST/STM32_USB_Device_Library/Class/MIDI/Src/usbd_midi.o
 .text.USBD_MIDI_SendPacket
                0x00000000080043c4       0x80 Middlewares/ST/STM32_USB_Device_Library/Class/MIDI/Src/usbd_midi.o
                0x00000000080043c4                USBD_MIDI_SendPacket
 .text.USBD_MIDI_RegisterInterface
                0x0000000008004444        0xe Middlewares/ST/STM32_USB_Device_Library/Class/MIDI/Src/usbd_midi.o
                0x0000000008004444                USBD_MIDI_RegisterInterface
 .text.USBD_Init
                0x0000000008004452       0x2e Middlewares/ST/STM32_USB_Device_Library/Core/Src/usbd_core.o
                0x0000000008004452                USBD_Init
 .text.USBD_RegisterClass
                0x0000000008004480        0xe Middlewares/ST/STM32_USB_Device_Library/Core/Src/usbd_core.o
                0x0000000008004480                USBD_RegisterClass
 .text.USBD_Start
                0x000000000800448e        0xa Middlewares/ST/STM32_USB_Device_Library/Core/Src/usbd_core.o
                0x000000000800448e                USBD_Start
 .text.USBD_Stop
                0x0000000008004498       0x18 Middlewares/ST/STM32_USB_Device_Library/Core/Src/usbd_core.o
                0x0000000008004498                USBD_Stop
 .text.USBD_SetClassConfig
                0x00000000080044b0       0x1a Middlewares/ST/STM32_USB_Device_Library/Core/Src/usbd_core.o
                0x00000000080044b0                USBD_SetClassConfig
 .text.USBD_ClrClassConfig
                0x00000000080044ca        0xe Middlewares/ST/STM32_USB_Device_Library/Core/Src/usbd_core.o
                0x00000000080044ca                USBD_ClrClassConfig
 .text.USBD_LL_SetupStage
                0x00000000080044d8       0x5a Middlewares/ST/STM32_USB_Device_Library/Core/Src/usbd_core.o
                0x00000000080044d8                USBD_LL_SetupStage
 .text.USBD_LL_DataOutStage
                0x0000000008004532       0x92 Middlewares/ST/STM32_USB_Device_Library/Core/Src/usbd_core.o
                0x0000000008004532                USBD_LL_DataOutStage
 .text.USBD_LL_DataInStage
                0x00000000080045c4       0xd2 Middlewares/ST/STM32_USB_Device_Library/Core/Src/usbd_core.o
                0x00000000080045c4                USBD_LL_DataInStage
 .text.USBD_LL_Reset
                0x0000000008004696       0x50 Middlewares/ST/STM32_USB_Device_Library/Core/Src/usbd_core.o
                0x0000000008004696                USBD_LL_Reset
 .text.USBD_LL_SetSpeed
                0x00000000080046e6        0x6 Middlewares/ST/STM32_USB_Device_Library/Core/Src/usbd_core.o
                0x00000000080046e6                USBD_LL_SetSpeed
 .text.USBD_LL_Suspend
                0x00000000080046ec       0x12 Middlewares/ST/STM32_USB_Device_Library/Core/Src/usbd_core.o
                0x00000000080046ec                USBD_LL_Suspend
 .text.USBD_LL_Resume
                0x00000000080046fe       0x16 Middlewares/ST/STM32_USB_Device_Library/Core/Src/usbd_core.o
                0x00000000080046fe                USBD_LL_Resume
 .text.USBD_LL_SOF
                0x0000000008004714       0x1c Middlewares/ST/STM32_USB_Device_Library/Core/Src/usbd_core.o
                0x0000000008004714                USBD_LL_SOF
 .text.USBD_GetLen
                0x0000000008004730       0x14 Middlewares/ST/STM32_USB_Device_Library/Core/Src/usbd_ctlreq.o
 .text.USBD_SetFeature
                0x0000000008004744       0x14 Middlewares/ST/STM32_USB_Device_Library/Core/Src/usbd_ctlreq.o
 .text.USBD_ParseSetupRequest
                0x0000000008004758       0x28 Middlewares/ST/STM32_USB_Device_Library/Core/Src/usbd_ctlreq.o
                0x0000000008004758                USBD_ParseSetupRequest
 .text.USBD_CtlError
                0x0000000008004780       0x14 Middlewares/ST/STM32_USB_Device_Library/Core/Src/usbd_ctlreq.o
                0x0000000008004780                USBD_CtlError
 .text.USBD_GetDescriptor
                0x0000000008004794      0x186 Middlewares/ST/STM32_USB_Device_Library/Core/Src/usbd_ctlreq.o
 .text.USBD_SetAddress
                0x000000000800491a       0x4e Middlewares/ST/STM32_USB_Device_Library/Core/Src/usbd_ctlreq.o
 .text.USBD_SetConfig
                0x0000000008004968       0xb0 Middlewares/ST/STM32_USB_Device_Library/Core/Src/usbd_ctlreq.o
 .text.USBD_GetConfig
                0x0000000008004a18       0x3c Middlewares/ST/STM32_USB_Device_Library/Core/Src/usbd_ctlreq.o
 .text.USBD_GetStatus
                0x0000000008004a54       0x38 Middlewares/ST/STM32_USB_Device_Library/Core/Src/usbd_ctlreq.o
 .text.USBD_ClrFeature
                0x0000000008004a8c       0x26 Middlewares/ST/STM32_USB_Device_Library/Core/Src/usbd_ctlreq.o
 .text.USBD_StdDevReq
                0x0000000008004ab2       0x68 Middlewares/ST/STM32_USB_Device_Library/Core/Src/usbd_ctlreq.o
                0x0000000008004ab2                USBD_StdDevReq
 .text.USBD_StdItfReq
                0x0000000008004b1a       0x60 Middlewares/ST/STM32_USB_Device_Library/Core/Src/usbd_ctlreq.o
                0x0000000008004b1a                USBD_StdItfReq
 .text.USBD_StdEPReq
                0x0000000008004b7a      0x20e Middlewares/ST/STM32_USB_Device_Library/Core/Src/usbd_ctlreq.o
                0x0000000008004b7a                USBD_StdEPReq
 .text.USBD_GetString
                0x0000000008004d88       0x38 Middlewares/ST/STM32_USB_Device_Library/Core/Src/usbd_ctlreq.o
                0x0000000008004d88                USBD_GetString
 .text.USBD_CtlSendData
                0x0000000008004dc0       0x1a Middlewares/ST/STM32_USB_Device_Library/Core/Src/usbd_ioreq.o
                0x0000000008004dc0                USBD_CtlSendData
 .text.USBD_CtlContinueSendData
                0x0000000008004dda       0x10 Middlewares/ST/STM32_USB_Device_Library/Core/Src/usbd_ioreq.o
                0x0000000008004dda                USBD_CtlContinueSendData
 .text.USBD_CtlPrepareRx
                0x0000000008004dea       0x1e Middlewares/ST/STM32_USB_Device_Library/Core/Src/usbd_ioreq.o
                0x0000000008004dea                USBD_CtlPrepareRx
 .text.USBD_CtlContinueRx
                0x0000000008004e08       0x10 Middlewares/ST/STM32_USB_Device_Library/Core/Src/usbd_ioreq.o
                0x0000000008004e08                USBD_CtlContinueRx
 .text.USBD_CtlSendStatus
                0x0000000008004e18       0x16 Middlewares/ST/STM32_USB_Device_Library/Core/Src/usbd_ioreq.o
                0x0000000008004e18                USBD_CtlSendStatus
 .text.USBD_CtlReceiveStatus
                0x0000000008004e2e       0x16 Middlewares/ST/STM32_USB_Device_Library/Core/Src/usbd_ioreq.o
                0x0000000008004e2e                USBD_CtlReceiveStatus
 .text.MX_ADC1_Init
                0x0000000008004e44       0x78 Src/adc.o
                0x0000000008004e44                MX_ADC1_Init
 .text.HAL_ADC_MspInit
                0x0000000008004ebc       0x98 Src/adc.o
                0x0000000008004ebc                HAL_ADC_MspInit
 .text.MX_DMA_Init
                0x0000000008004f54       0x34 Src/dma.o
                0x0000000008004f54                MX_DMA_Init
 .text.MX_GPIO_Init
                0x0000000008004f88      0x15c Src/gpio.o
                0x0000000008004f88                MX_GPIO_Init
 .text.Display_DataTx
                0x00000000080050e4       0x34 Src/main.o
                0x00000000080050e4                Display_DataTx
 .text.Keyboard_Read
                0x0000000008005118      0x734 Src/main.o
                0x0000000008005118                Keyboard_Read
 .text.Display_DataRx
                0x000000000800584c       0xd0 Src/main.o
                0x000000000800584c                Display_DataRx
 .text.Error_Handler
                0x000000000800591c        0x2 Src/main.o
                0x000000000800591c                Error_Handler
 .text.SystemClock_Config
                0x000000000800591e       0x88 Src/main.o
                0x000000000800591e                SystemClock_Config
 *fill*         0x00000000080059a6        0x2 
 .text.main     0x00000000080059a8       0xe0 Src/main.o
                0x00000000080059a8                main
 .text.assert_failed
                0x0000000008005a88        0x2 Src/main.o
                0x0000000008005a88                assert_failed
 *fill*         0x0000000008005a8a        0x2 
 .text.MX_SPI1_Init
                0x0000000008005a8c       0x48 Src/spi.o
                0x0000000008005a8c                MX_SPI1_Init
 .text.HAL_SPI_MspInit
                0x0000000008005ad4       0x74 Src/spi.o
                0x0000000008005ad4                HAL_SPI_MspInit
 .text.HAL_MspInit
                0x0000000008005b48       0x44 Src/stm32f1xx_hal_msp.o
                0x0000000008005b48                HAL_MspInit
 .text.NMI_Handler
                0x0000000008005b8c        0x2 Src/stm32f1xx_it.o
                0x0000000008005b8c                NMI_Handler
 .text.HardFault_Handler
                0x0000000008005b8e        0x2 Src/stm32f1xx_it.o
                0x0000000008005b8e                HardFault_Handler
 .text.MemManage_Handler
                0x0000000008005b90        0x2 Src/stm32f1xx_it.o
                0x0000000008005b90                MemManage_Handler
 .text.BusFault_Handler
                0x0000000008005b92        0x2 Src/stm32f1xx_it.o
                0x0000000008005b92                BusFault_Handler
 .text.UsageFault_Handler
                0x0000000008005b94        0x2 Src/stm32f1xx_it.o
                0x0000000008005b94                UsageFault_Handler
 .text.SVC_Handler
                0x0000000008005b96        0x2 Src/stm32f1xx_it.o
                0x0000000008005b96                SVC_Handler
 .text.DebugMon_Handler
                0x0000000008005b98        0x2 Src/stm32f1xx_it.o
                0x0000000008005b98                DebugMon_Handler
 .text.PendSV_Handler
                0x0000000008005b9a        0x2 Src/stm32f1xx_it.o
                0x0000000008005b9a                PendSV_Handler
 .text.SysTick_Handler
                0x0000000008005b9c        0x8 Src/stm32f1xx_it.o
                0x0000000008005b9c                SysTick_Handler
 .text.DMA1_Channel1_IRQHandler
                0x0000000008005ba4       0x10 Src/stm32f1xx_it.o
                0x0000000008005ba4                DMA1_Channel1_IRQHandler
 .text.USB_LP_CAN1_RX0_IRQHandler
                0x0000000008005bb4       0x10 Src/stm32f1xx_it.o
                0x0000000008005bb4                USB_LP_CAN1_RX0_IRQHandler
 .text.TIM3_IRQHandler
                0x0000000008005bc4       0x10 Src/stm32f1xx_it.o
                0x0000000008005bc4                TIM3_IRQHandler
 .text.TIM4_IRQHandler
                0x0000000008005bd4       0x10 Src/stm32f1xx_it.o
                0x0000000008005bd4                TIM4_IRQHandler
 .text.EXTI15_10_IRQHandler
                0x0000000008005be4        0xc Src/stm32f1xx_it.o
                0x0000000008005be4                EXTI15_10_IRQHandler
 .text.HAL_TIM_IC_CaptureCallback
                0x0000000008005bf0       0x5c Src/stm32f1xx_it.o
                0x0000000008005bf0                HAL_TIM_IC_CaptureCallback
 .text.HAL_ADC_ConvCpltCallback
                0x0000000008005c4c       0xa8 Src/stm32f1xx_it.o
                0x0000000008005c4c                HAL_ADC_ConvCpltCallback
 .text.HAL_GPIO_EXTI_Callback
                0x0000000008005cf4       0x7c Src/stm32f1xx_it.o
                0x0000000008005cf4                HAL_GPIO_EXTI_Callback
 .text.SystemInit
                0x0000000008005d70       0x4c Src/system_stm32f1xx.o
                0x0000000008005d70                SystemInit
 .text.MX_TIM3_Init
                0x0000000008005dbc       0x70 Src/tim.o
                0x0000000008005dbc                MX_TIM3_Init
 .text.MX_TIM4_Init
                0x0000000008005e2c       0x68 Src/tim.o
                0x0000000008005e2c                MX_TIM4_Init
 .text.HAL_TIM_Base_MspInit
                0x0000000008005e94       0x40 Src/tim.o
                0x0000000008005e94                HAL_TIM_Base_MspInit
 .text.HAL_TIM_Encoder_MspInit
                0x0000000008005ed4       0x6c Src/tim.o
                0x0000000008005ed4                HAL_TIM_Encoder_MspInit
 .text.MX_USB_DEVICE_Init
                0x0000000008005f40       0x74 Src/usb_device.o
                0x0000000008005f40                MX_USB_DEVICE_Init
 .text.AUDIO_Init_FS
                0x0000000008005fb4        0x4 Src/usbd_audio_if.o
 .text.AUDIO_DeInit_FS
                0x0000000008005fb8        0x4 Src/usbd_audio_if.o
 .text.AUDIO_AudioCmd_FS
                0x0000000008005fbc        0x4 Src/usbd_audio_if.o
 .text.AUDIO_VolumeCtl_FS
                0x0000000008005fc0        0x4 Src/usbd_audio_if.o
 .text.AUDIO_MuteCtl_FS
                0x0000000008005fc4        0x4 Src/usbd_audio_if.o
 .text.AUDIO_PeriodicTC_FS
                0x0000000008005fc8        0x4 Src/usbd_audio_if.o
 .text.AUDIO_GetState_FS
                0x0000000008005fcc        0x4 Src/usbd_audio_if.o
 .text.USBD_Get_USB_Status
                0x0000000008005fd0       0x12 Src/usbd_conf.o
 *fill*         0x0000000008005fe2        0x2 
 .text.HAL_PCD_MspInit
                0x0000000008005fe4       0x40 Src/usbd_conf.o
                0x0000000008005fe4                HAL_PCD_MspInit
 .text.HAL_PCD_SetupStageCallback
                0x0000000008006024       0x10 Src/usbd_conf.o
                0x0000000008006024                HAL_PCD_SetupStageCallback
 .text.HAL_PCD_DataOutStageCallback
                0x0000000008006034       0x14 Src/usbd_conf.o
                0x0000000008006034                HAL_PCD_DataOutStageCallback
 .text.HAL_PCD_DataInStageCallback
                0x0000000008006048       0x12 Src/usbd_conf.o
                0x0000000008006048                HAL_PCD_DataInStageCallback
 .text.HAL_PCD_SOFCallback
                0x000000000800605a        0xc Src/usbd_conf.o
                0x000000000800605a                HAL_PCD_SOFCallback
 .text.HAL_PCD_ResetCallback
                0x0000000008006066       0x22 Src/usbd_conf.o
                0x0000000008006066                HAL_PCD_ResetCallback
 .text.HAL_PCD_SuspendCallback
                0x0000000008006088       0x20 Src/usbd_conf.o
                0x0000000008006088                HAL_PCD_SuspendCallback
 .text.HAL_PCD_ResumeCallback
                0x00000000080060a8        0xc Src/usbd_conf.o
                0x00000000080060a8                HAL_PCD_ResumeCallback
 .text.USBD_LL_Init
                0x00000000080060b4       0x74 Src/usbd_conf.o
                0x00000000080060b4                USBD_LL_Init
 .text.USBD_LL_Start
                0x0000000008006128       0x10 Src/usbd_conf.o
                0x0000000008006128                USBD_LL_Start
 .text.USBD_LL_Stop
                0x0000000008006138       0x10 Src/usbd_conf.o
                0x0000000008006138                USBD_LL_Stop
 .text.USBD_LL_OpenEP
                0x0000000008006148       0x16 Src/usbd_conf.o
                0x0000000008006148                USBD_LL_OpenEP
 .text.USBD_LL_CloseEP
                0x000000000800615e       0x10 Src/usbd_conf.o
                0x000000000800615e                USBD_LL_CloseEP
 .text.USBD_LL_StallEP
                0x000000000800616e       0x10 Src/usbd_conf.o
                0x000000000800616e                USBD_LL_StallEP
 .text.USBD_LL_ClearStallEP
                0x000000000800617e       0x10 Src/usbd_conf.o
                0x000000000800617e                USBD_LL_ClearStallEP
 .text.USBD_LL_IsStallEP
                0x000000000800618e       0x26 Src/usbd_conf.o
                0x000000000800618e                USBD_LL_IsStallEP
 .text.USBD_LL_SetUSBAddress
                0x00000000080061b4       0x10 Src/usbd_conf.o
                0x00000000080061b4                USBD_LL_SetUSBAddress
 .text.USBD_LL_Transmit
                0x00000000080061c4       0x10 Src/usbd_conf.o
                0x00000000080061c4                USBD_LL_Transmit
 .text.USBD_LL_PrepareReceive
                0x00000000080061d4       0x10 Src/usbd_conf.o
                0x00000000080061d4                USBD_LL_PrepareReceive
 .text.USBD_static_malloc
                0x00000000080061e4        0x8 Src/usbd_conf.o
                0x00000000080061e4                USBD_static_malloc
 .text.USBD_static_free
                0x00000000080061ec        0x2 Src/usbd_conf.o
                0x00000000080061ec                USBD_static_free
 .text.HAL_PCDEx_SetConnectionState
                0x00000000080061ee        0x2 Src/usbd_conf.o
                0x00000000080061ee                HAL_PCDEx_SetConnectionState
 .text.USBD_FS_DeviceDescriptor
                0x00000000080061f0        0xc Src/usbd_desc.o
                0x00000000080061f0                USBD_FS_DeviceDescriptor
 .text.USBD_FS_LangIDStrDescriptor
                0x00000000080061fc        0xc Src/usbd_desc.o
                0x00000000080061fc                USBD_FS_LangIDStrDescriptor
 .text.IntToUnicode
                0x0000000008006208       0x36 Src/usbd_desc.o
 *fill*         0x000000000800623e        0x2 
 .text.Get_SerialNum
                0x0000000008006240       0x38 Src/usbd_desc.o
 .text.USBD_FS_SerialStrDescriptor
                0x0000000008006278       0x14 Src/usbd_desc.o
                0x0000000008006278                USBD_FS_SerialStrDescriptor
 .text.USBD_FS_ProductStrDescriptor
                0x000000000800628c       0x24 Src/usbd_desc.o
                0x000000000800628c                USBD_FS_ProductStrDescriptor
 .text.USBD_FS_ManufacturerStrDescriptor
                0x00000000080062b0       0x1c Src/usbd_desc.o
                0x00000000080062b0                USBD_FS_ManufacturerStrDescriptor
 .text.USBD_FS_ConfigStrDescriptor
                0x00000000080062cc       0x24 Src/usbd_desc.o
                0x00000000080062cc                USBD_FS_ConfigStrDescriptor
 .text.USBD_FS_InterfaceStrDescriptor
                0x00000000080062f0       0x24 Src/usbd_desc.o
                0x00000000080062f0                USBD_FS_InterfaceStrDescriptor
 .text.MIDI_DataTx
                0x0000000008006314       0x44 Src/usbd_midi_if.o
                0x0000000008006314                MIDI_DataTx
 .text.MIDI_DataRx
                0x0000000008006358      0x100 Src/usbd_midi_if.o
                0x0000000008006358                MIDI_DataRx
 .text.Reset_Handler
                0x0000000008006458       0x48 startup/startup_stm32f103xb.o
                0x0000000008006458                Reset_Handler
 .text.Default_Handler
                0x00000000080064a0        0x2 startup/startup_stm32f103xb.o
                0x00000000080064a0                RTC_Alarm_IRQHandler
                0x00000000080064a0                EXTI2_IRQHandler
                0x00000000080064a0                TIM1_CC_IRQHandler
                0x00000000080064a0                PVD_IRQHandler
                0x00000000080064a0                EXTI3_IRQHandler
                0x00000000080064a0                EXTI0_IRQHandler
                0x00000000080064a0                I2C2_EV_IRQHandler
                0x00000000080064a0                ADC1_2_IRQHandler
                0x00000000080064a0                SPI1_IRQHandler
                0x00000000080064a0                TAMPER_IRQHandler
                0x00000000080064a0                DMA1_Channel4_IRQHandler
                0x00000000080064a0                USART3_IRQHandler
                0x00000000080064a0                RTC_IRQHandler
                0x00000000080064a0                DMA1_Channel7_IRQHandler
                0x00000000080064a0                CAN1_RX1_IRQHandler
                0x00000000080064a0                I2C1_EV_IRQHandler
                0x00000000080064a0                DMA1_Channel6_IRQHandler
                0x00000000080064a0                RCC_IRQHandler
                0x00000000080064a0                TIM1_TRG_COM_IRQHandler
                0x00000000080064a0                Default_Handler
                0x00000000080064a0                EXTI9_5_IRQHandler
                0x00000000080064a0                SPI2_IRQHandler
                0x00000000080064a0                DMA1_Channel5_IRQHandler
                0x00000000080064a0                EXTI4_IRQHandler
                0x00000000080064a0                USB_HP_CAN1_TX_IRQHandler
                0x00000000080064a0                DMA1_Channel3_IRQHandler
                0x00000000080064a0                TIM1_UP_IRQHandler
                0x00000000080064a0                WWDG_IRQHandler
                0x00000000080064a0                TIM2_IRQHandler
                0x00000000080064a0                TIM1_BRK_IRQHandler
                0x00000000080064a0                EXTI1_IRQHandler
                0x00000000080064a0                USART2_IRQHandler
                0x00000000080064a0                I2C2_ER_IRQHandler
                0x00000000080064a0                DMA1_Channel2_IRQHandler
                0x00000000080064a0                CAN1_SCE_IRQHandler
                0x00000000080064a0                FLASH_IRQHandler
                0x00000000080064a0                USART1_IRQHandler
                0x00000000080064a0                I2C1_ER_IRQHandler
                0x00000000080064a0                USBWakeUp_IRQHandler
 *fill*         0x00000000080064a2        0x2 
 .text.__libc_init_array
                0x00000000080064a4       0x48 c:/st/stm32cubeide_1.0.0/stm32cubeide/plugins/com.st.stm32cube.ide.mcu.externaltools.gnu-tools-for-stm32.7-2018-q2-update.win32_1.0.0.201904181610/tools/bin/../lib/gcc/arm-none-eabi/7.3.1/../../../../arm-none-eabi/lib/thumb/v7-m\libc_nano.a(lib_a-init.o)
                0x00000000080064a4                __libc_init_array
 .text.memset   0x00000000080064ec       0x10 c:/st/stm32cubeide_1.0.0/stm32cubeide/plugins/com.st.stm32cube.ide.mcu.externaltools.gnu-tools-for-stm32.7-2018-q2-update.win32_1.0.0.201904181610/tools/bin/../lib/gcc/arm-none-eabi/7.3.1/../../../../arm-none-eabi/lib/thumb/v7-m\libc_nano.a(lib_a-memset.o)
                0x00000000080064ec                memset
 *(.glue_7)
 .glue_7        0x00000000080064fc        0x0 linker stubs
 *(.glue_7t)
 .glue_7t       0x00000000080064fc        0x0 linker stubs
 *(.eh_frame)
 .eh_frame      0x00000000080064fc        0x0 c:/st/stm32cubeide_1.0.0/stm32cubeide/plugins/com.st.stm32cube.ide.mcu.externaltools.gnu-tools-for-stm32.7-2018-q2-update.win32_1.0.0.201904181610/tools/bin/../lib/gcc/arm-none-eabi/7.3.1/thumb/v7-m/crtbegin.o
 *(.init)
 .init          0x00000000080064fc        0x4 c:/st/stm32cubeide_1.0.0/stm32cubeide/plugins/com.st.stm32cube.ide.mcu.externaltools.gnu-tools-for-stm32.7-2018-q2-update.win32_1.0.0.201904181610/tools/bin/../lib/gcc/arm-none-eabi/7.3.1/thumb/v7-m/crti.o
                0x00000000080064fc                _init
 .init          0x0000000008006500        0x8 c:/st/stm32cubeide_1.0.0/stm32cubeide/plugins/com.st.stm32cube.ide.mcu.externaltools.gnu-tools-for-stm32.7-2018-q2-update.win32_1.0.0.201904181610/tools/bin/../lib/gcc/arm-none-eabi/7.3.1/thumb/v7-m/crtn.o
 *(.fini)
 .fini          0x0000000008006508        0x4 c:/st/stm32cubeide_1.0.0/stm32cubeide/plugins/com.st.stm32cube.ide.mcu.externaltools.gnu-tools-for-stm32.7-2018-q2-update.win32_1.0.0.201904181610/tools/bin/../lib/gcc/arm-none-eabi/7.3.1/thumb/v7-m/crti.o
                0x0000000008006508                _fini
 .fini          0x000000000800650c        0x8 c:/st/stm32cubeide_1.0.0/stm32cubeide/plugins/com.st.stm32cube.ide.mcu.externaltools.gnu-tools-for-stm32.7-2018-q2-update.win32_1.0.0.201904181610/tools/bin/../lib/gcc/arm-none-eabi/7.3.1/thumb/v7-m/crtn.o
                0x0000000008006514                . = ALIGN (0x4)
                0x0000000008006514                _etext = .

.vfp11_veneer   0x0000000008006514        0x0
 .vfp11_veneer  0x0000000008006514        0x0 linker stubs

.v4_bx          0x0000000008006514        0x0
 .v4_bx         0x0000000008006514        0x0 linker stubs

.iplt           0x0000000008006514        0x0
 .iplt          0x0000000008006514        0x0 c:/st/stm32cubeide_1.0.0/stm32cubeide/plugins/com.st.stm32cube.ide.mcu.externaltools.gnu-tools-for-stm32.7-2018-q2-update.win32_1.0.0.201904181610/tools/bin/../lib/gcc/arm-none-eabi/7.3.1/thumb/v7-m/crtbegin.o

.rodata         0x0000000008006514      0x304
                0x0000000008006514                . = ALIGN (0x4)
 *(.rodata)
 .rodata        0x0000000008006514       0x12 Drivers/STM32F1xx_HAL_Driver/Src/stm32f1xx_hal_rcc.o
 *fill*         0x0000000008006526        0x2 
 .rodata        0x0000000008006528       0x12 Drivers/STM32F1xx_HAL_Driver/Src/stm32f1xx_hal_rcc_ex.o
 *fill*         0x000000000800653a        0x2 
 .rodata        0x000000000800653c       0x18 Src/system_stm32f1xx.o
                0x000000000800653c                AHBPrescTable
                0x000000000800654c                APBPrescTable
 *(.rodata*)
 .rodata.str1.4
                0x0000000008006554       0x38 Drivers/STM32F1xx_HAL_Driver/Src/stm32f1xx_hal_adc.o
 .rodata.str1.4
                0x000000000800658c       0x3b Drivers/STM32F1xx_HAL_Driver/Src/stm32f1xx_hal_adc_ex.o
 *fill*         0x00000000080065c7        0x1 
 .rodata.str1.4
                0x00000000080065c8       0x3b Drivers/STM32F1xx_HAL_Driver/Src/stm32f1xx_hal_cortex.o
 *fill*         0x0000000008006603        0x1 
 .rodata.str1.4
                0x0000000008006604       0x38 Drivers/STM32F1xx_HAL_Driver/Src/stm32f1xx_hal_dma.o
 .rodata.str1.4
                0x000000000800663c       0x39 Drivers/STM32F1xx_HAL_Driver/Src/stm32f1xx_hal_gpio.o
 *fill*         0x0000000008006675        0x3 
 .rodata.str1.4
                0x0000000008006678       0x38 Drivers/STM32F1xx_HAL_Driver/Src/stm32f1xx_hal_pcd.o
 .rodata.str1.4
                0x00000000080066b0       0x38 Drivers/STM32F1xx_HAL_Driver/Src/stm32f1xx_hal_rcc.o
 .rodata.str1.4
                0x00000000080066e8       0x3b Drivers/STM32F1xx_HAL_Driver/Src/stm32f1xx_hal_rcc_ex.o
 *fill*         0x0000000008006723        0x1 
 .rodata.str1.4
                0x0000000008006724       0x38 Drivers/STM32F1xx_HAL_Driver/Src/stm32f1xx_hal_spi.o
 .rodata.str1.4
                0x000000000800675c       0x38 Drivers/STM32F1xx_HAL_Driver/Src/stm32f1xx_hal_tim.o
 .rodata.str1.4
                0x0000000008006794       0x3b Drivers/STM32F1xx_HAL_Driver/Src/stm32f1xx_hal_tim_ex.o
 *fill*         0x00000000080067cf        0x1 
 .rodata.str1.4
                0x00000000080067d0       0x48 Src/usbd_desc.o
                0x0000000008006818                . = ALIGN (0x4)

.rel.dyn        0x0000000008006818        0x0
 .rel.iplt      0x0000000008006818        0x0 c:/st/stm32cubeide_1.0.0/stm32cubeide/plugins/com.st.stm32cube.ide.mcu.externaltools.gnu-tools-for-stm32.7-2018-q2-update.win32_1.0.0.201904181610/tools/bin/../lib/gcc/arm-none-eabi/7.3.1/thumb/v7-m/crtbegin.o

.ARM.extab
 *(.ARM.extab* .gnu.linkonce.armextab.*)

.ARM            0x0000000008006818        0x0
                0x0000000008006818                __exidx_start = .
 *(.ARM.exidx*)
                0x0000000008006818                __exidx_end = .

.preinit_array  0x0000000008006818        0x0
                0x0000000008006818                PROVIDE (__preinit_array_start = .)
 *(.preinit_array*)
                0x0000000008006818                PROVIDE (__preinit_array_end = .)

.init_array     0x0000000008006818        0x4
                0x0000000008006818                PROVIDE (__init_array_start = .)
 *(SORT_BY_NAME(.init_array.*))
 *(.init_array*)
 .init_array    0x0000000008006818        0x4 c:/st/stm32cubeide_1.0.0/stm32cubeide/plugins/com.st.stm32cube.ide.mcu.externaltools.gnu-tools-for-stm32.7-2018-q2-update.win32_1.0.0.201904181610/tools/bin/../lib/gcc/arm-none-eabi/7.3.1/thumb/v7-m/crtbegin.o
                0x000000000800681c                PROVIDE (__init_array_end = .)

.fini_array     0x000000000800681c        0x4
                [!provide]                        PROVIDE (__fini_array_start = .)
 *(SORT_BY_NAME(.fini_array.*))
 *(.fini_array*)
 .fini_array    0x000000000800681c        0x4 c:/st/stm32cubeide_1.0.0/stm32cubeide/plugins/com.st.stm32cube.ide.mcu.externaltools.gnu-tools-for-stm32.7-2018-q2-update.win32_1.0.0.201904181610/tools/bin/../lib/gcc/arm-none-eabi/7.3.1/thumb/v7-m/crtbegin.o
                [!provide]                        PROVIDE (__fini_array_end = .)
                0x0000000008006820                _sidata = LOADADDR (.data)

.data           0x0000000020000000      0x258 load address 0x0000000008006820
                0x0000000020000000                . = ALIGN (0x4)
                0x0000000020000000                _sdata = .
 *(.data)
 .data          0x0000000020000000        0x8 Drivers/STM32F1xx_HAL_Driver/Src/stm32f1xx_hal.o
                0x0000000020000000                uwTickFreq
                0x0000000020000004                uwTickPrio
 .data          0x0000000020000008       0xb4 Middlewares/ST/STM32_USB_Device_Library/Class/AUDIO/Src/usbd_audio.o
                0x0000000020000084                USBD_AUDIO
 .data          0x00000000200000bc       0xa0 Middlewares/ST/STM32_USB_Device_Library/Class/MIDI/Src/usbd_midi.o
                0x00000000200000bc                USBD_MIDI_CfgDesc
                0x0000000020000124                USBD_MIDI
 .data          0x000000002000015c       0x7c Src/main.o
                0x000000002000015c                Hold_On
                0x0000000020000160                Hold_Off
                0x0000000020000164                TrackBack_On
                0x0000000020000168                TrackBack_Off
                0x000000002000016c                Play_On
                0x0000000020000170                Play_Off
                0x0000000020000174                Time_On
                0x0000000020000178                Time_Off
                0x000000002000017c                TrackForward_On
                0x0000000020000180                TrackForward_Off
                0x0000000020000184                Cue_On
                0x0000000020000188                Cue_Off
                0x000000002000018c                Eject_On
                0x0000000020000190                Eject_Off
                0x0000000020000194                Jet_On
                0x0000000020000198                Jet_Off
                0x000000002000019c                ScanBack_On
                0x00000000200001a0                ScanBack_Off
                0x00000000200001a4                MasterTempo_On
                0x00000000200001a8                MasterTempo_Off
                0x00000000200001ac                Zip_On
                0x00000000200001b0                Zip_Off
                0x00000000200001b4                ScanForward_On
                0x00000000200001b8                ScanForward_Off
                0x00000000200001bc                Jog_On
                0x00000000200001c0                Jog_Off
                0x00000000200001c4                Wah_On
                0x00000000200001c8                Wah_Off
                0x00000000200001cc                Pitch
                0x00000000200001d0                Disconnected
                0x00000000200001d4                Connected
 .data          0x00000000200001d8        0x8 Src/stm32f1xx_it.o
                0x00000000200001d8                JogBack
                0x00000000200001dc                JogForward
 .data          0x00000000200001e0        0x4 Src/system_stm32f1xx.o
                0x00000000200001e0                SystemCoreClock
 .data          0x00000000200001e4       0x1c Src/usbd_audio_if.o
                0x00000000200001e4                USBD_AUDIO_fops_FS
 .data          0x0000000020000200       0x50 Src/usbd_desc.o
                0x0000000020000200                USBD_FS_DeviceDesc
                0x0000000020000214                USBD_LangIDDesc
                0x0000000020000218                USBD_StringSerial
                0x0000000020000234                FS_Desc
 .data          0x0000000020000250        0x8 Src/usbd_midi_if.o
                0x0000000020000250                USBD_Interface_fops_FS
 *(.data*)
                0x0000000020000258                . = ALIGN (0x4)
                0x0000000020000258                _edata = .

.igot.plt       0x0000000020000258        0x0 load address 0x0000000008006a78
 .igot.plt      0x0000000020000258        0x0 c:/st/stm32cubeide_1.0.0/stm32cubeide/plugins/com.st.stm32cube.ide.mcu.externaltools.gnu-tools-for-stm32.7-2018-q2-update.win32_1.0.0.201904181610/tools/bin/../lib/gcc/arm-none-eabi/7.3.1/thumb/v7-m/crtbegin.o
                0x0000000020000258                . = ALIGN (0x4)

.bss            0x0000000020000258      0xcec load address 0x0000000008006a78
                0x0000000020000258                _sbss = .
                0x0000000020000258                __bss_start__ = _sbss
 *(.bss)
 .bss           0x0000000020000258       0x1c c:/st/stm32cubeide_1.0.0/stm32cubeide/plugins/com.st.stm32cube.ide.mcu.externaltools.gnu-tools-for-stm32.7-2018-q2-update.win32_1.0.0.201904181610/tools/bin/../lib/gcc/arm-none-eabi/7.3.1/thumb/v7-m/crtbegin.o
 .bss           0x0000000020000274       0x20 Middlewares/ST/STM32_USB_Device_Library/Class/MIDI/Src/usbd_midi.o
                0x0000000020000274                USB_Tx_State
                0x0000000020000278                pInstance
                0x000000002000027c                APP_Tx_ptr_out
                0x0000000020000280                APP_Tx_ptr_in
                0x0000000020000284                APP_Tx_length
                0x0000000020000288                APP_Rx_length
                0x000000002000028c                APP_Rx_ptr_out
                0x0000000020000290                APP_Rx_ptr_in
 .bss           0x0000000020000294        0x1 Middlewares/ST/STM32_USB_Device_Library/Core/Src/usbd_ctlreq.o
 *fill*         0x0000000020000295        0x3 
 .bss           0x0000000020000298      0x198 Src/main.o
                0x0000000020000298                button_flags
                0x000000002000029a                usb_status
                0x000000002000029c                spi_rx_buffer
                0x00000000200002a0                adc_data
 .bss           0x0000000020000430       0x14 Src/stm32f1xx_it.o
                0x0000000020000430                adc_1
                0x0000000020000434                adc_2
                0x0000000020000438                pitch
                0x000000002000043a                pitch_prev
                0x000000002000043c                jog_prev
                0x0000000020000440                jog
 .bss           0x0000000020000444      0x200 Src/usbd_conf.o
 *(.bss*)
 *(COMMON)
 COMMON         0x0000000020000644        0x4 Drivers/STM32F1xx_HAL_Driver/Src/stm32f1xx_hal.o
                0x0000000020000644                uwTick
 COMMON         0x0000000020000648       0x80 Middlewares/ST/STM32_USB_Device_Library/Class/MIDI/Src/usbd_midi.o
                0x0000000020000648                APP_Tx_Buffer
                0x0000000020000688                USB_Rx_Buffer
 COMMON         0x00000000200006c8       0x74 Src/adc.o
                0x00000000200006c8                hadc1
                0x00000000200006f8                hdma_adc1
 COMMON         0x000000002000073c       0x58 Src/spi.o
                0x000000002000073c                hspi1
 COMMON         0x0000000020000794       0x80 Src/tim.o
                0x0000000020000794                htim4
                0x00000000200007d4                htim3
 COMMON         0x0000000020000814      0x2c4 Src/usb_device.o
                0x0000000020000814                hUsbDeviceFS
 COMMON         0x0000000020000ad8      0x26c Src/usbd_conf.o
                0x0000000020000ad8                hpcd_USB_FS
 COMMON         0x0000000020000d44      0x200 Src/usbd_desc.o
                0x0000000020000d44                USBD_StrDesc
                0x0000000020000f44                . = ALIGN (0x4)
                0x0000000020000f44                _ebss = .
                0x0000000020000f44                __bss_end__ = _ebss

._user_heap_stack
                0x0000000020000f44      0x604 load address 0x0000000008006a78
                0x0000000020000f48                . = ALIGN (0x8)
 *fill*         0x0000000020000f44        0x4 
                0x0000000020000f48                PROVIDE (end = .)
                [!provide]                        PROVIDE (_end = .)
                0x0000000020001148                . = (. + _Min_Heap_Size)
 *fill*         0x0000000020000f48      0x200 
                0x0000000020001548                . = (. + _Min_Stack_Size)
 *fill*         0x0000000020001148      0x400 
                0x0000000020001548                . = ALIGN (0x8)

/DISCARD/
 libc.a(*)
 libm.a(*)
 libgcc.a(*)

.ARM.attributes
                0x0000000000000000       0x29
 *(.ARM.attributes)
 .ARM.attributes
                0x0000000000000000       0x1d c:/st/stm32cubeide_1.0.0/stm32cubeide/plugins/com.st.stm32cube.ide.mcu.externaltools.gnu-tools-for-stm32.7-2018-q2-update.win32_1.0.0.201904181610/tools/bin/../lib/gcc/arm-none-eabi/7.3.1/thumb/v7-m/crti.o
 .ARM.attributes
                0x000000000000001d       0x2d c:/st/stm32cubeide_1.0.0/stm32cubeide/plugins/com.st.stm32cube.ide.mcu.externaltools.gnu-tools-for-stm32.7-2018-q2-update.win32_1.0.0.201904181610/tools/bin/../lib/gcc/arm-none-eabi/7.3.1/thumb/v7-m/crtbegin.o
 .ARM.attributes
                0x000000000000004a       0x33 Drivers/STM32F1xx_HAL_Driver/Src/stm32f1xx_hal.o
 .ARM.attributes
                0x000000000000007d       0x33 Drivers/STM32F1xx_HAL_Driver/Src/stm32f1xx_hal_adc.o
 .ARM.attributes
                0x00000000000000b0       0x33 Drivers/STM32F1xx_HAL_Driver/Src/stm32f1xx_hal_adc_ex.o
 .ARM.attributes
                0x00000000000000e3       0x33 Drivers/STM32F1xx_HAL_Driver/Src/stm32f1xx_hal_cortex.o
 .ARM.attributes
                0x0000000000000116       0x33 Drivers/STM32F1xx_HAL_Driver/Src/stm32f1xx_hal_dma.o
 .ARM.attributes
                0x0000000000000149       0x33 Drivers/STM32F1xx_HAL_Driver/Src/stm32f1xx_hal_gpio.o
 .ARM.attributes
                0x000000000000017c       0x33 Drivers/STM32F1xx_HAL_Driver/Src/stm32f1xx_hal_pcd.o
 .ARM.attributes
                0x00000000000001af       0x33 Drivers/STM32F1xx_HAL_Driver/Src/stm32f1xx_hal_pcd_ex.o
 .ARM.attributes
                0x00000000000001e2       0x33 Drivers/STM32F1xx_HAL_Driver/Src/stm32f1xx_hal_rcc.o
 .ARM.attributes
                0x0000000000000215       0x33 Drivers/STM32F1xx_HAL_Driver/Src/stm32f1xx_hal_rcc_ex.o
 .ARM.attributes
                0x0000000000000248       0x33 Drivers/STM32F1xx_HAL_Driver/Src/stm32f1xx_hal_spi.o
 .ARM.attributes
                0x000000000000027b       0x33 Drivers/STM32F1xx_HAL_Driver/Src/stm32f1xx_hal_tim.o
 .ARM.attributes
                0x00000000000002ae       0x33 Drivers/STM32F1xx_HAL_Driver/Src/stm32f1xx_hal_tim_ex.o
 .ARM.attributes
                0x00000000000002e1       0x33 Drivers/STM32F1xx_HAL_Driver/Src/stm32f1xx_ll_usb.o
 .ARM.attributes
                0x0000000000000314       0x33 Middlewares/ST/STM32_USB_Device_Library/Class/AUDIO/Src/usbd_audio.o
 .ARM.attributes
                0x0000000000000347       0x33 Middlewares/ST/STM32_USB_Device_Library/Class/MIDI/Src/usbd_midi.o
 .ARM.attributes
                0x000000000000037a       0x33 Middlewares/ST/STM32_USB_Device_Library/Core/Src/usbd_core.o
 .ARM.attributes
                0x00000000000003ad       0x33 Middlewares/ST/STM32_USB_Device_Library/Core/Src/usbd_ctlreq.o
 .ARM.attributes
                0x00000000000003e0       0x33 Middlewares/ST/STM32_USB_Device_Library/Core/Src/usbd_ioreq.o
 .ARM.attributes
                0x0000000000000413       0x33 Src/adc.o
 .ARM.attributes
                0x0000000000000446       0x33 Src/dma.o
 .ARM.attributes
                0x0000000000000479       0x33 Src/gpio.o
 .ARM.attributes
                0x00000000000004ac       0x33 Src/main.o
 .ARM.attributes
                0x00000000000004df       0x33 Src/spi.o
 .ARM.attributes
                0x0000000000000512       0x33 Src/stm32f1xx_hal_msp.o
 .ARM.attributes
                0x0000000000000545       0x33 Src/stm32f1xx_it.o
 .ARM.attributes
                0x0000000000000578       0x33 Src/system_stm32f1xx.o
 .ARM.attributes
                0x00000000000005ab       0x33 Src/tim.o
 .ARM.attributes
                0x00000000000005de       0x33 Src/usb_device.o
 .ARM.attributes
                0x0000000000000611       0x33 Src/usbd_audio_if.o
 .ARM.attributes
                0x0000000000000644       0x33 Src/usbd_conf.o
 .ARM.attributes
                0x0000000000000677       0x33 Src/usbd_desc.o
 .ARM.attributes
                0x00000000000006aa       0x33 Src/usbd_midi_if.o
 .ARM.attributes
                0x00000000000006dd       0x21 startup/startup_stm32f103xb.o
 .ARM.attributes
                0x00000000000006fe       0x2d c:/st/stm32cubeide_1.0.0/stm32cubeide/plugins/com.st.stm32cube.ide.mcu.externaltools.gnu-tools-for-stm32.7-2018-q2-update.win32_1.0.0.201904181610/tools/bin/../lib/gcc/arm-none-eabi/7.3.1/../../../../arm-none-eabi/lib/thumb/v7-m\libc_nano.a(lib_a-init.o)
 .ARM.attributes
                0x000000000000072b       0x2d c:/st/stm32cubeide_1.0.0/stm32cubeide/plugins/com.st.stm32cube.ide.mcu.externaltools.gnu-tools-for-stm32.7-2018-q2-update.win32_1.0.0.201904181610/tools/bin/../lib/gcc/arm-none-eabi/7.3.1/../../../../arm-none-eabi/lib/thumb/v7-m\libc_nano.a(lib_a-memset.o)
 .ARM.attributes
                0x0000000000000758       0x1d c:/st/stm32cubeide_1.0.0/stm32cubeide/plugins/com.st.stm32cube.ide.mcu.externaltools.gnu-tools-for-stm32.7-2018-q2-update.win32_1.0.0.201904181610/tools/bin/../lib/gcc/arm-none-eabi/7.3.1/thumb/v7-m/crtn.o
OUTPUT(CDJ_Control_C8.elf elf32-littlearm)

.debug_info     0x0000000000000000    0x251aa
 .debug_info    0x0000000000000000      0x7cf Drivers/STM32F1xx_HAL_Driver/Src/stm32f1xx_hal.o
 .debug_info    0x00000000000007cf     0x121e Drivers/STM32F1xx_HAL_Driver/Src/stm32f1xx_hal_adc.o
 .debug_info    0x00000000000019ed      0xe64 Drivers/STM32F1xx_HAL_Driver/Src/stm32f1xx_hal_adc_ex.o
 .debug_info    0x0000000000002851      0xdff Drivers/STM32F1xx_HAL_Driver/Src/stm32f1xx_hal_cortex.o
 .debug_info    0x0000000000003650      0x9a4 Drivers/STM32F1xx_HAL_Driver/Src/stm32f1xx_hal_dma.o
 .debug_info    0x0000000000003ff4      0x891 Drivers/STM32F1xx_HAL_Driver/Src/stm32f1xx_hal_gpio.o
 .debug_info    0x0000000000004885     0x1310 Drivers/STM32F1xx_HAL_Driver/Src/stm32f1xx_hal_pcd.o
 .debug_info    0x0000000000005b95      0x75f Drivers/STM32F1xx_HAL_Driver/Src/stm32f1xx_hal_pcd_ex.o
 .debug_info    0x00000000000062f4      0xc7e Drivers/STM32F1xx_HAL_Driver/Src/stm32f1xx_hal_rcc.o
 .debug_info    0x0000000000006f72      0x52b Drivers/STM32F1xx_HAL_Driver/Src/stm32f1xx_hal_rcc_ex.o
 .debug_info    0x000000000000749d     0x1d6d Drivers/STM32F1xx_HAL_Driver/Src/stm32f1xx_hal_spi.o
 .debug_info    0x000000000000920a     0x46e7 Drivers/STM32F1xx_HAL_Driver/Src/stm32f1xx_hal_tim.o
 .debug_info    0x000000000000d8f1     0x1a40 Drivers/STM32F1xx_HAL_Driver/Src/stm32f1xx_hal_tim_ex.o
 .debug_info    0x000000000000f331     0x15c5 Drivers/STM32F1xx_HAL_Driver/Src/stm32f1xx_ll_usb.o
 .debug_info    0x00000000000108f6     0x1661 Middlewares/ST/STM32_USB_Device_Library/Class/AUDIO/Src/usbd_audio.o
 .debug_info    0x0000000000011f57     0x1656 Middlewares/ST/STM32_USB_Device_Library/Class/MIDI/Src/usbd_midi.o
 .debug_info    0x00000000000135ad     0x154d Middlewares/ST/STM32_USB_Device_Library/Core/Src/usbd_core.o
 .debug_info    0x0000000000014afa     0x1872 Middlewares/ST/STM32_USB_Device_Library/Core/Src/usbd_ctlreq.o
 .debug_info    0x000000000001636c     0x101d Middlewares/ST/STM32_USB_Device_Library/Core/Src/usbd_ioreq.o
 .debug_info    0x0000000000017389      0x928 Src/adc.o
 .debug_info    0x0000000000017cb1      0x3b9 Src/dma.o
 .debug_info    0x000000000001806a      0x66d Src/gpio.o
 .debug_info    0x00000000000186d7     0x2cf4 Src/main.o
 .debug_info    0x000000000001b3cb      0x8a9 Src/spi.o
 .debug_info    0x000000000001bc74      0x2ca Src/stm32f1xx_hal_msp.o
 .debug_info    0x000000000001bf3e     0x1e13 Src/stm32f1xx_it.o
 .debug_info    0x000000000001dd51      0x43a Src/system_stm32f1xx.o
 .debug_info    0x000000000001e18b      0xd0d Src/tim.o
 .debug_info    0x000000000001ee98     0x1084 Src/usb_device.o
 .debug_info    0x000000000001ff1c     0x107a Src/usbd_audio_if.o
 .debug_info    0x0000000000020f96     0x221c Src/usbd_conf.o
 .debug_info    0x00000000000231b2      0xe47 Src/usbd_desc.o
 .debug_info    0x0000000000023ff9     0x118f Src/usbd_midi_if.o
 .debug_info    0x0000000000025188       0x22 startup/startup_stm32f103xb.o

.debug_abbrev   0x0000000000000000     0x4911
 .debug_abbrev  0x0000000000000000      0x1fe Drivers/STM32F1xx_HAL_Driver/Src/stm32f1xx_hal.o
 .debug_abbrev  0x00000000000001fe      0x1ee Drivers/STM32F1xx_HAL_Driver/Src/stm32f1xx_hal_adc.o
 .debug_abbrev  0x00000000000003ec      0x239 Drivers/STM32F1xx_HAL_Driver/Src/stm32f1xx_hal_adc_ex.o
 .debug_abbrev  0x0000000000000625      0x31e Drivers/STM32F1xx_HAL_Driver/Src/stm32f1xx_hal_cortex.o
 .debug_abbrev  0x0000000000000943      0x249 Drivers/STM32F1xx_HAL_Driver/Src/stm32f1xx_hal_dma.o
 .debug_abbrev  0x0000000000000b8c      0x215 Drivers/STM32F1xx_HAL_Driver/Src/stm32f1xx_hal_gpio.o
 .debug_abbrev  0x0000000000000da1      0x289 Drivers/STM32F1xx_HAL_Driver/Src/stm32f1xx_hal_pcd.o
 .debug_abbrev  0x000000000000102a      0x197 Drivers/STM32F1xx_HAL_Driver/Src/stm32f1xx_hal_pcd_ex.o
 .debug_abbrev  0x00000000000011c1      0x248 Drivers/STM32F1xx_HAL_Driver/Src/stm32f1xx_hal_rcc.o
 .debug_abbrev  0x0000000000001409      0x1ef Drivers/STM32F1xx_HAL_Driver/Src/stm32f1xx_hal_rcc_ex.o
 .debug_abbrev  0x00000000000015f8      0x238 Drivers/STM32F1xx_HAL_Driver/Src/stm32f1xx_hal_spi.o
 .debug_abbrev  0x0000000000001830      0x237 Drivers/STM32F1xx_HAL_Driver/Src/stm32f1xx_hal_tim.o
 .debug_abbrev  0x0000000000001a67      0x237 Drivers/STM32F1xx_HAL_Driver/Src/stm32f1xx_hal_tim_ex.o
 .debug_abbrev  0x0000000000001c9e      0x23c Drivers/STM32F1xx_HAL_Driver/Src/stm32f1xx_ll_usb.o
 .debug_abbrev  0x0000000000001eda      0x32b Middlewares/ST/STM32_USB_Device_Library/Class/AUDIO/Src/usbd_audio.o
 .debug_abbrev  0x0000000000002205      0x2be Middlewares/ST/STM32_USB_Device_Library/Class/MIDI/Src/usbd_midi.o
 .debug_abbrev  0x00000000000024c3      0x285 Middlewares/ST/STM32_USB_Device_Library/Core/Src/usbd_core.o
 .debug_abbrev  0x0000000000002748      0x302 Middlewares/ST/STM32_USB_Device_Library/Core/Src/usbd_ctlreq.o
 .debug_abbrev  0x0000000000002a4a      0x1ee Middlewares/ST/STM32_USB_Device_Library/Core/Src/usbd_ioreq.o
 .debug_abbrev  0x0000000000002c38      0x1cf Src/adc.o
 .debug_abbrev  0x0000000000002e07      0x140 Src/dma.o
 .debug_abbrev  0x0000000000002f47      0x17c Src/gpio.o
 .debug_abbrev  0x00000000000030c3      0x34c Src/main.o
 .debug_abbrev  0x000000000000340f      0x1c9 Src/spi.o
 .debug_abbrev  0x00000000000035d8      0x109 Src/stm32f1xx_hal_msp.o
 .debug_abbrev  0x00000000000036e1      0x294 Src/stm32f1xx_it.o
 .debug_abbrev  0x0000000000003975      0x134 Src/system_stm32f1xx.o
 .debug_abbrev  0x0000000000003aa9      0x1e3 Src/tim.o
 .debug_abbrev  0x0000000000003c8c      0x1f5 Src/usb_device.o
 .debug_abbrev  0x0000000000003e81      0x26c Src/usbd_audio_if.o
 .debug_abbrev  0x00000000000040ed      0x316 Src/usbd_conf.o
 .debug_abbrev  0x0000000000004403      0x2af Src/usbd_desc.o
 .debug_abbrev  0x00000000000046b2      0x24d Src/usbd_midi_if.o
 .debug_abbrev  0x00000000000048ff       0x12 startup/startup_stm32f103xb.o

.debug_loc      0x0000000000000000     0xca6b
 .debug_loc     0x0000000000000000       0xf9 Drivers/STM32F1xx_HAL_Driver/Src/stm32f1xx_hal.o
 .debug_loc     0x00000000000000f9      0x898 Drivers/STM32F1xx_HAL_Driver/Src/stm32f1xx_hal_adc.o
 .debug_loc     0x0000000000000991      0x5d6 Drivers/STM32F1xx_HAL_Driver/Src/stm32f1xx_hal_adc_ex.o
 .debug_loc     0x0000000000000f67      0x71d Drivers/STM32F1xx_HAL_Driver/Src/stm32f1xx_hal_cortex.o
 .debug_loc     0x0000000000001684      0x6d0 Drivers/STM32F1xx_HAL_Driver/Src/stm32f1xx_hal_dma.o
 .debug_loc     0x0000000000001d54      0x4e8 Drivers/STM32F1xx_HAL_Driver/Src/stm32f1xx_hal_gpio.o
 .debug_loc     0x000000000000223c      0xae0 Drivers/STM32F1xx_HAL_Driver/Src/stm32f1xx_hal_pcd.o
 .debug_loc     0x0000000000002d1c       0xdc Drivers/STM32F1xx_HAL_Driver/Src/stm32f1xx_hal_pcd_ex.o
 .debug_loc     0x0000000000002df8      0x58c Drivers/STM32F1xx_HAL_Driver/Src/stm32f1xx_hal_rcc.o
 .debug_loc     0x0000000000003384      0x2d0 Drivers/STM32F1xx_HAL_Driver/Src/stm32f1xx_hal_rcc_ex.o
 .debug_loc     0x0000000000003654     0x15c9 Drivers/STM32F1xx_HAL_Driver/Src/stm32f1xx_hal_spi.o
 .debug_loc     0x0000000000004c1d     0x27b1 Drivers/STM32F1xx_HAL_Driver/Src/stm32f1xx_hal_tim.o
 .debug_loc     0x00000000000073ce      0xe2c Drivers/STM32F1xx_HAL_Driver/Src/stm32f1xx_hal_tim_ex.o
 .debug_loc     0x00000000000081fa     0x10b2 Drivers/STM32F1xx_HAL_Driver/Src/stm32f1xx_ll_usb.o
 .debug_loc     0x00000000000092ac      0x7e8 Middlewares/ST/STM32_USB_Device_Library/Class/AUDIO/Src/usbd_audio.o
 .debug_loc     0x0000000000009a94      0x256 Middlewares/ST/STM32_USB_Device_Library/Class/MIDI/Src/usbd_midi.o
 .debug_loc     0x0000000000009cea      0x6ed Middlewares/ST/STM32_USB_Device_Library/Core/Src/usbd_core.o
 .debug_loc     0x000000000000a3d7     0x105b Middlewares/ST/STM32_USB_Device_Library/Core/Src/usbd_ctlreq.o
 .debug_loc     0x000000000000b432      0x23c Middlewares/ST/STM32_USB_Device_Library/Core/Src/usbd_ioreq.o
 .debug_loc     0x000000000000b66e       0x63 Src/adc.o
 .debug_loc     0x000000000000b6d1       0x77 Src/main.o
 .debug_loc     0x000000000000b748       0x74 Src/spi.o
 .debug_loc     0x000000000000b7bc       0xe3 Src/stm32f1xx_it.o
 .debug_loc     0x000000000000b89f       0xdf Src/system_stm32f1xx.o
 .debug_loc     0x000000000000b97e       0xcf Src/tim.o
 .debug_loc     0x000000000000ba4d       0xc6 Src/usbd_audio_if.o
 .debug_loc     0x000000000000bb13      0x9e3 Src/usbd_conf.o
 .debug_loc     0x000000000000c4f6      0x30e Src/usbd_desc.o
 .debug_loc     0x000000000000c804      0x267 Src/usbd_midi_if.o

.debug_aranges  0x0000000000000000     0x1480
 .debug_aranges
                0x0000000000000000       0xe0 Drivers/STM32F1xx_HAL_Driver/Src/stm32f1xx_hal.o
 .debug_aranges
                0x00000000000000e0       0xf0 Drivers/STM32F1xx_HAL_Driver/Src/stm32f1xx_hal_adc.o
 .debug_aranges
                0x00000000000001d0       0x80 Drivers/STM32F1xx_HAL_Driver/Src/stm32f1xx_hal_adc_ex.o
 .debug_aranges
                0x0000000000000250       0x90 Drivers/STM32F1xx_HAL_Driver/Src/stm32f1xx_hal_cortex.o
 .debug_aranges
                0x00000000000002e0       0x80 Drivers/STM32F1xx_HAL_Driver/Src/stm32f1xx_hal_dma.o
 .debug_aranges
                0x0000000000000360       0x58 Drivers/STM32F1xx_HAL_Driver/Src/stm32f1xx_hal_gpio.o
 .debug_aranges
                0x00000000000003b8      0x120 Drivers/STM32F1xx_HAL_Driver/Src/stm32f1xx_hal_pcd.o
 .debug_aranges
                0x00000000000004d8       0x38 Drivers/STM32F1xx_HAL_Driver/Src/stm32f1xx_hal_pcd_ex.o
 .debug_aranges
                0x0000000000000510       0x90 Drivers/STM32F1xx_HAL_Driver/Src/stm32f1xx_hal_rcc.o
 .debug_aranges
                0x00000000000005a0       0x30 Drivers/STM32F1xx_HAL_Driver/Src/stm32f1xx_hal_rcc_ex.o
 .debug_aranges
                0x00000000000005d0      0x1d0 Drivers/STM32F1xx_HAL_Driver/Src/stm32f1xx_hal_spi.o
 .debug_aranges
                0x00000000000007a0      0x3a8 Drivers/STM32F1xx_HAL_Driver/Src/stm32f1xx_hal_tim.o
 .debug_aranges
                0x0000000000000b48      0x150 Drivers/STM32F1xx_HAL_Driver/Src/stm32f1xx_hal_tim_ex.o
 .debug_aranges
                0x0000000000000c98      0x108 Drivers/STM32F1xx_HAL_Driver/Src/stm32f1xx_ll_usb.o
 .debug_aranges
                0x0000000000000da0       0x98 Middlewares/ST/STM32_USB_Device_Library/Class/AUDIO/Src/usbd_audio.o
 .debug_aranges
                0x0000000000000e38       0x50 Middlewares/ST/STM32_USB_Device_Library/Class/MIDI/Src/usbd_midi.o
 .debug_aranges
                0x0000000000000e88       0xb8 Middlewares/ST/STM32_USB_Device_Library/Core/Src/usbd_core.o
 .debug_aranges
                0x0000000000000f40       0x88 Middlewares/ST/STM32_USB_Device_Library/Core/Src/usbd_ctlreq.o
 .debug_aranges
                0x0000000000000fc8       0x50 Middlewares/ST/STM32_USB_Device_Library/Core/Src/usbd_ioreq.o
 .debug_aranges
                0x0000000000001018       0x30 Src/adc.o
 .debug_aranges
                0x0000000000001048       0x20 Src/dma.o
 .debug_aranges
                0x0000000000001068       0x20 Src/gpio.o
 .debug_aranges
                0x0000000000001088       0x50 Src/main.o
 .debug_aranges
                0x00000000000010d8       0x30 Src/spi.o
 .debug_aranges
                0x0000000000001108       0x20 Src/stm32f1xx_hal_msp.o
 .debug_aranges
                0x0000000000001128       0xa0 Src/stm32f1xx_it.o
 .debug_aranges
                0x00000000000011c8       0x28 Src/system_stm32f1xx.o
 .debug_aranges
                0x00000000000011f0       0x48 Src/tim.o
 .debug_aranges
                0x0000000000001238       0x20 Src/usb_device.o
 .debug_aranges
                0x0000000000001258       0x60 Src/usbd_audio_if.o
 .debug_aranges
                0x00000000000012b8      0x118 Src/usbd_conf.o
 .debug_aranges
                0x00000000000013d0       0x60 Src/usbd_desc.o
 .debug_aranges
                0x0000000000001430       0x28 Src/usbd_midi_if.o
 .debug_aranges
                0x0000000000001458       0x28 startup/startup_stm32f103xb.o

.debug_ranges   0x0000000000000000     0x1480
 .debug_ranges  0x0000000000000000       0xd0 Drivers/STM32F1xx_HAL_Driver/Src/stm32f1xx_hal.o
 .debug_ranges  0x00000000000000d0       0xe0 Drivers/STM32F1xx_HAL_Driver/Src/stm32f1xx_hal_adc.o
 .debug_ranges  0x00000000000001b0       0x70 Drivers/STM32F1xx_HAL_Driver/Src/stm32f1xx_hal_adc_ex.o
 .debug_ranges  0x0000000000000220      0x110 Drivers/STM32F1xx_HAL_Driver/Src/stm32f1xx_hal_cortex.o
 .debug_ranges  0x0000000000000330       0x70 Drivers/STM32F1xx_HAL_Driver/Src/stm32f1xx_hal_dma.o
 .debug_ranges  0x00000000000003a0       0x48 Drivers/STM32F1xx_HAL_Driver/Src/stm32f1xx_hal_gpio.o
 .debug_ranges  0x00000000000003e8      0x140 Drivers/STM32F1xx_HAL_Driver/Src/stm32f1xx_hal_pcd.o
 .debug_ranges  0x0000000000000528       0x28 Drivers/STM32F1xx_HAL_Driver/Src/stm32f1xx_hal_pcd_ex.o
 .debug_ranges  0x0000000000000550       0xa0 Drivers/STM32F1xx_HAL_Driver/Src/stm32f1xx_hal_rcc.o
 .debug_ranges  0x00000000000005f0       0x38 Drivers/STM32F1xx_HAL_Driver/Src/stm32f1xx_hal_rcc_ex.o
 .debug_ranges  0x0000000000000628      0x1c0 Drivers/STM32F1xx_HAL_Driver/Src/stm32f1xx_hal_spi.o
 .debug_ranges  0x00000000000007e8      0x398 Drivers/STM32F1xx_HAL_Driver/Src/stm32f1xx_hal_tim.o
 .debug_ranges  0x0000000000000b80      0x140 Drivers/STM32F1xx_HAL_Driver/Src/stm32f1xx_hal_tim_ex.o
 .debug_ranges  0x0000000000000cc0      0x218 Drivers/STM32F1xx_HAL_Driver/Src/stm32f1xx_ll_usb.o
 .debug_ranges  0x0000000000000ed8       0x88 Middlewares/ST/STM32_USB_Device_Library/Class/AUDIO/Src/usbd_audio.o
 .debug_ranges  0x0000000000000f60       0x40 Middlewares/ST/STM32_USB_Device_Library/Class/MIDI/Src/usbd_midi.o
 .debug_ranges  0x0000000000000fa0       0xa8 Middlewares/ST/STM32_USB_Device_Library/Core/Src/usbd_core.o
 .debug_ranges  0x0000000000001048       0x78 Middlewares/ST/STM32_USB_Device_Library/Core/Src/usbd_ctlreq.o
 .debug_ranges  0x00000000000010c0       0x40 Middlewares/ST/STM32_USB_Device_Library/Core/Src/usbd_ioreq.o
 .debug_ranges  0x0000000000001100       0x20 Src/adc.o
 .debug_ranges  0x0000000000001120       0x10 Src/dma.o
 .debug_ranges  0x0000000000001130       0x10 Src/gpio.o
 .debug_ranges  0x0000000000001140       0x40 Src/main.o
 .debug_ranges  0x0000000000001180       0x20 Src/spi.o
 .debug_ranges  0x00000000000011a0       0x10 Src/stm32f1xx_hal_msp.o
 .debug_ranges  0x00000000000011b0       0x90 Src/stm32f1xx_it.o
 .debug_ranges  0x0000000000001240       0x18 Src/system_stm32f1xx.o
 .debug_ranges  0x0000000000001258       0x38 Src/tim.o
 .debug_ranges  0x0000000000001290       0x10 Src/usb_device.o
 .debug_ranges  0x00000000000012a0       0x50 Src/usbd_audio_if.o
 .debug_ranges  0x00000000000012f0      0x108 Src/usbd_conf.o
 .debug_ranges  0x00000000000013f8       0x50 Src/usbd_desc.o
 .debug_ranges  0x0000000000001448       0x18 Src/usbd_midi_if.o
 .debug_ranges  0x0000000000001460       0x20 startup/startup_stm32f103xb.o

.debug_macro    0x0000000000000000    0x19c5a
 .debug_macro   0x0000000000000000      0x1f6 Drivers/STM32F1xx_HAL_Driver/Src/stm32f1xx_hal.o
 .debug_macro   0x00000000000001f6      0xa60 Drivers/STM32F1xx_HAL_Driver/Src/stm32f1xx_hal.o
 .debug_macro   0x0000000000000c56      0x234 Drivers/STM32F1xx_HAL_Driver/Src/stm32f1xx_hal.o
 .debug_macro   0x0000000000000e8a       0x2e Drivers/STM32F1xx_HAL_Driver/Src/stm32f1xx_hal.o
 .debug_macro   0x0000000000000eb8       0x22 Drivers/STM32F1xx_HAL_Driver/Src/stm32f1xx_hal.o
 .debug_macro   0x0000000000000eda       0x22 Drivers/STM32F1xx_HAL_Driver/Src/stm32f1xx_hal.o
 .debug_macro   0x0000000000000efc       0x8e Drivers/STM32F1xx_HAL_Driver/Src/stm32f1xx_hal.o
 .debug_macro   0x0000000000000f8a       0x51 Drivers/STM32F1xx_HAL_Driver/Src/stm32f1xx_hal.o
 .debug_macro   0x0000000000000fdb       0xef Drivers/STM32F1xx_HAL_Driver/Src/stm32f1xx_hal.o
 .debug_macro   0x00000000000010ca       0x6a Drivers/STM32F1xx_HAL_Driver/Src/stm32f1xx_hal.o
 .debug_macro   0x0000000000001134      0x1df Drivers/STM32F1xx_HAL_Driver/Src/stm32f1xx_hal.o
 .debug_macro   0x0000000000001313       0x1c Drivers/STM32F1xx_HAL_Driver/Src/stm32f1xx_hal.o
 .debug_macro   0x000000000000132f       0x22 Drivers/STM32F1xx_HAL_Driver/Src/stm32f1xx_hal.o
 .debug_macro   0x0000000000001351       0xc3 Drivers/STM32F1xx_HAL_Driver/Src/stm32f1xx_hal.o
 .debug_macro   0x0000000000001414      0xd23 Drivers/STM32F1xx_HAL_Driver/Src/stm32f1xx_hal.o
 .debug_macro   0x0000000000002137     0xe09e Drivers/STM32F1xx_HAL_Driver/Src/stm32f1xx_hal.o
 .debug_macro   0x00000000000101d5       0x43 Drivers/STM32F1xx_HAL_Driver/Src/stm32f1xx_hal.o
 .debug_macro   0x0000000000010218      0x174 Drivers/STM32F1xx_HAL_Driver/Src/stm32f1xx_hal.o
 .debug_macro   0x000000000001038c       0x4e Drivers/STM32F1xx_HAL_Driver/Src/stm32f1xx_hal.o
 .debug_macro   0x00000000000103da      0x5be Drivers/STM32F1xx_HAL_Driver/Src/stm32f1xx_hal.o
 .debug_macro   0x0000000000010998      0x289 Drivers/STM32F1xx_HAL_Driver/Src/stm32f1xx_hal.o
 .debug_macro   0x0000000000010c21      0x1cb Drivers/STM32F1xx_HAL_Driver/Src/stm32f1xx_hal.o
 .debug_macro   0x0000000000010dec      0x114 Drivers/STM32F1xx_HAL_Driver/Src/stm32f1xx_hal.o
 .debug_macro   0x0000000000010f00      0x1b2 Drivers/STM32F1xx_HAL_Driver/Src/stm32f1xx_hal.o
 .debug_macro   0x00000000000110b2       0x27 Drivers/STM32F1xx_HAL_Driver/Src/stm32f1xx_hal.o
 .debug_macro   0x00000000000110d9      0x136 Drivers/STM32F1xx_HAL_Driver/Src/stm32f1xx_hal.o
 .debug_macro   0x000000000001120f      0x1bc Drivers/STM32F1xx_HAL_Driver/Src/stm32f1xx_hal.o
 .debug_macro   0x00000000000113cb       0x34 Drivers/STM32F1xx_HAL_Driver/Src/stm32f1xx_hal.o
 .debug_macro   0x00000000000113ff       0x3c Drivers/STM32F1xx_HAL_Driver/Src/stm32f1xx_hal.o
 .debug_macro   0x000000000001143b       0x57 Drivers/STM32F1xx_HAL_Driver/Src/stm32f1xx_hal.o
 .debug_macro   0x0000000000011492      0x46a Drivers/STM32F1xx_HAL_Driver/Src/stm32f1xx_hal.o
 .debug_macro   0x00000000000118fc      0x1b5 Drivers/STM32F1xx_HAL_Driver/Src/stm32f1xx_hal.o
 .debug_macro   0x0000000000011ab1       0x88 Drivers/STM32F1xx_HAL_Driver/Src/stm32f1xx_hal.o
 .debug_macro   0x0000000000011b39      0x241 Drivers/STM32F1xx_HAL_Driver/Src/stm32f1xx_hal.o
 .debug_macro   0x0000000000011d7a      0x141 Drivers/STM32F1xx_HAL_Driver/Src/stm32f1xx_hal.o
 .debug_macro   0x0000000000011ebb      0x217 Drivers/STM32F1xx_HAL_Driver/Src/stm32f1xx_hal.o
 .debug_macro   0x00000000000120d2      0x88b Drivers/STM32F1xx_HAL_Driver/Src/stm32f1xx_hal.o
 .debug_macro   0x000000000001295d       0x65 Drivers/STM32F1xx_HAL_Driver/Src/stm32f1xx_hal.o
 .debug_macro   0x00000000000129c2      0x249 Drivers/STM32F1xx_HAL_Driver/Src/stm32f1xx_hal.o
 .debug_macro   0x0000000000012c0b       0x83 Drivers/STM32F1xx_HAL_Driver/Src/stm32f1xx_hal.o
 .debug_macro   0x0000000000012c8e      0x1ef Drivers/STM32F1xx_HAL_Driver/Src/stm32f1xx_hal_adc.o
 .debug_macro   0x0000000000012e7d      0x1e4 Drivers/STM32F1xx_HAL_Driver/Src/stm32f1xx_hal_adc_ex.o
 .debug_macro   0x0000000000013061      0x1d2 Drivers/STM32F1xx_HAL_Driver/Src/stm32f1xx_hal_cortex.o
 .debug_macro   0x0000000000013233      0x1d2 Drivers/STM32F1xx_HAL_Driver/Src/stm32f1xx_hal_dma.o
 .debug_macro   0x0000000000013405      0x23d Drivers/STM32F1xx_HAL_Driver/Src/stm32f1xx_hal_gpio.o
 .debug_macro   0x0000000000013642      0x1de Drivers/STM32F1xx_HAL_Driver/Src/stm32f1xx_hal_pcd.o
 .debug_macro   0x0000000000013820      0x1d2 Drivers/STM32F1xx_HAL_Driver/Src/stm32f1xx_hal_pcd_ex.o
 .debug_macro   0x00000000000139f2      0x1e4 Drivers/STM32F1xx_HAL_Driver/Src/stm32f1xx_hal_rcc.o
 .debug_macro   0x0000000000013bd6      0x1d2 Drivers/STM32F1xx_HAL_Driver/Src/stm32f1xx_hal_rcc_ex.o
 .debug_macro   0x0000000000013da8      0x1da Drivers/STM32F1xx_HAL_Driver/Src/stm32f1xx_hal_spi.o
 .debug_macro   0x0000000000013f82      0x1d3 Drivers/STM32F1xx_HAL_Driver/Src/stm32f1xx_hal_tim.o
 .debug_macro   0x0000000000014155      0x1d2 Drivers/STM32F1xx_HAL_Driver/Src/stm32f1xx_hal_tim_ex.o
 .debug_macro   0x0000000000014327      0x1d2 Drivers/STM32F1xx_HAL_Driver/Src/stm32f1xx_ll_usb.o
 .debug_macro   0x00000000000144f9      0x3fa Middlewares/ST/STM32_USB_Device_Library/Class/AUDIO/Src/usbd_audio.o
 .debug_macro   0x00000000000148f3       0x40 Middlewares/ST/STM32_USB_Device_Library/Class/AUDIO/Src/usbd_audio.o
 .debug_macro   0x0000000000014933       0x18 Middlewares/ST/STM32_USB_Device_Library/Class/AUDIO/Src/usbd_audio.o
 .debug_macro   0x000000000001494b       0x94 Middlewares/ST/STM32_USB_Device_Library/Class/AUDIO/Src/usbd_audio.o
 .debug_macro   0x00000000000149df       0x3c Middlewares/ST/STM32_USB_Device_Library/Class/AUDIO/Src/usbd_audio.o
 .debug_macro   0x0000000000014a1b       0x34 Middlewares/ST/STM32_USB_Device_Library/Class/AUDIO/Src/usbd_audio.o
 .debug_macro   0x0000000000014a4f       0x16 Middlewares/ST/STM32_USB_Device_Library/Class/AUDIO/Src/usbd_audio.o
 .debug_macro   0x0000000000014a65       0x57 Middlewares/ST/STM32_USB_Device_Library/Class/AUDIO/Src/usbd_audio.o
 .debug_macro   0x0000000000014abc       0x97 Middlewares/ST/STM32_USB_Device_Library/Class/AUDIO/Src/usbd_audio.o
 .debug_macro   0x0000000000014b53      0x330 Middlewares/ST/STM32_USB_Device_Library/Class/AUDIO/Src/usbd_audio.o
 .debug_macro   0x0000000000014e83       0xfd Middlewares/ST/STM32_USB_Device_Library/Class/AUDIO/Src/usbd_audio.o
 .debug_macro   0x0000000000014f80       0x10 Middlewares/ST/STM32_USB_Device_Library/Class/AUDIO/Src/usbd_audio.o
 .debug_macro   0x0000000000014f90       0x52 Middlewares/ST/STM32_USB_Device_Library/Class/AUDIO/Src/usbd_audio.o
 .debug_macro   0x0000000000014fe2       0x1f Middlewares/ST/STM32_USB_Device_Library/Class/AUDIO/Src/usbd_audio.o
 .debug_macro   0x0000000000015001       0x43 Middlewares/ST/STM32_USB_Device_Library/Class/AUDIO/Src/usbd_audio.o
 .debug_macro   0x0000000000015044       0x20 Middlewares/ST/STM32_USB_Device_Library/Class/AUDIO/Src/usbd_audio.o
 .debug_macro   0x0000000000015064      0x1a3 Middlewares/ST/STM32_USB_Device_Library/Class/AUDIO/Src/usbd_audio.o
 .debug_macro   0x0000000000015207       0x10 Middlewares/ST/STM32_USB_Device_Library/Class/AUDIO/Src/usbd_audio.o
 .debug_macro   0x0000000000015217       0x1c Middlewares/ST/STM32_USB_Device_Library/Class/AUDIO/Src/usbd_audio.o
 .debug_macro   0x0000000000015233       0x52 Middlewares/ST/STM32_USB_Device_Library/Class/AUDIO/Src/usbd_audio.o
 .debug_macro   0x0000000000015285       0x40 Middlewares/ST/STM32_USB_Device_Library/Class/AUDIO/Src/usbd_audio.o
 .debug_macro   0x00000000000152c5       0x10 Middlewares/ST/STM32_USB_Device_Library/Class/AUDIO/Src/usbd_audio.o
 .debug_macro   0x00000000000152d5       0x40 Middlewares/ST/STM32_USB_Device_Library/Class/AUDIO/Src/usbd_audio.o
 .debug_macro   0x0000000000015315       0xd7 Middlewares/ST/STM32_USB_Device_Library/Class/AUDIO/Src/usbd_audio.o
 .debug_macro   0x00000000000153ec       0x1c Middlewares/ST/STM32_USB_Device_Library/Class/AUDIO/Src/usbd_audio.o
 .debug_macro   0x0000000000015408       0x3d Middlewares/ST/STM32_USB_Device_Library/Class/AUDIO/Src/usbd_audio.o
 .debug_macro   0x0000000000015445       0x16 Middlewares/ST/STM32_USB_Device_Library/Class/AUDIO/Src/usbd_audio.o
 .debug_macro   0x000000000001545b      0x145 Middlewares/ST/STM32_USB_Device_Library/Class/AUDIO/Src/usbd_audio.o
 .debug_macro   0x00000000000155a0       0x16 Middlewares/ST/STM32_USB_Device_Library/Class/AUDIO/Src/usbd_audio.o
 .debug_macro   0x00000000000155b6       0x35 Middlewares/ST/STM32_USB_Device_Library/Class/AUDIO/Src/usbd_audio.o
 .debug_macro   0x00000000000155eb       0x16 Middlewares/ST/STM32_USB_Device_Library/Class/AUDIO/Src/usbd_audio.o
 .debug_macro   0x0000000000015601       0x29 Middlewares/ST/STM32_USB_Device_Library/Class/AUDIO/Src/usbd_audio.o
 .debug_macro   0x000000000001562a       0x16 Middlewares/ST/STM32_USB_Device_Library/Class/AUDIO/Src/usbd_audio.o
 .debug_macro   0x0000000000015640       0x20 Middlewares/ST/STM32_USB_Device_Library/Class/AUDIO/Src/usbd_audio.o
 .debug_macro   0x0000000000015660       0xbd Middlewares/ST/STM32_USB_Device_Library/Class/AUDIO/Src/usbd_audio.o
 .debug_macro   0x000000000001571d      0x154 Middlewares/ST/STM32_USB_Device_Library/Class/AUDIO/Src/usbd_audio.o
 .debug_macro   0x0000000000015871       0x60 Middlewares/ST/STM32_USB_Device_Library/Class/AUDIO/Src/usbd_audio.o
 .debug_macro   0x00000000000158d1      0x1c8 Middlewares/ST/STM32_USB_Device_Library/Class/AUDIO/Src/usbd_audio.o
 .debug_macro   0x0000000000015a99       0xd1 Middlewares/ST/STM32_USB_Device_Library/Class/AUDIO/Src/usbd_audio.o
 .debug_macro   0x0000000000015b6a      0x401 Middlewares/ST/STM32_USB_Device_Library/Class/MIDI/Src/usbd_midi.o
 .debug_macro   0x0000000000015f6b       0x46 Middlewares/ST/STM32_USB_Device_Library/Class/MIDI/Src/usbd_midi.o
 .debug_macro   0x0000000000015fb1       0x1c Middlewares/ST/STM32_USB_Device_Library/Class/MIDI/Src/usbd_midi.o
 .debug_macro   0x0000000000015fcd      0x3d5 Middlewares/ST/STM32_USB_Device_Library/Core/Src/usbd_core.o
 .debug_macro   0x00000000000163a2      0x1ce Middlewares/ST/STM32_USB_Device_Library/Core/Src/usbd_core.o
 .debug_macro   0x0000000000016570      0x3df Middlewares/ST/STM32_USB_Device_Library/Core/Src/usbd_ctlreq.o
 .debug_macro   0x000000000001694f      0x3db Middlewares/ST/STM32_USB_Device_Library/Core/Src/usbd_ioreq.o
 .debug_macro   0x0000000000016d2a      0x1eb Src/adc.o
 .debug_macro   0x0000000000016f15      0x1eb Src/dma.o
 .debug_macro   0x0000000000017100      0x1eb Src/gpio.o
 .debug_macro   0x00000000000172eb      0x447 Src/main.o
 .debug_macro   0x0000000000017732       0x46 Src/main.o
 .debug_macro   0x0000000000017778      0x32a Src/main.o
 .debug_macro   0x0000000000017aa2       0x22 Src/main.o
 .debug_macro   0x0000000000017ac4      0x1eb Src/spi.o
 .debug_macro   0x0000000000017caf      0x1e1 Src/stm32f1xx_hal_msp.o
 .debug_macro   0x0000000000017e90      0x42f Src/stm32f1xx_it.o
 .debug_macro   0x00000000000182bf      0x1d8 Src/system_stm32f1xx.o
 .debug_macro   0x0000000000018497      0x1eb Src/tim.o