stm32f1xx_it.c:101:6:NMI_Handler	0	static
stm32f1xx_it.c:114:6:HardFault_Handler	0	static
stm32f1xx_it.c:129:6:MemManage_Handler	0	static
stm32f1xx_it.c:144:6:BusFault_Handler	0	static
stm32f1xx_it.c:159:6:UsageFault_Handler	0	static
stm32f1xx_it.c:174:6:SVC_Handler	0	static
stm32f1xx_it.c:187:6:DebugMon_Handler	0	static
stm32f1xx_it.c:200:6:PendSV_Handler	0	static
stm32f1xx_it.c:213:6:SysTick_Handler	8	static
stm32f1xx_it.c:234:6:DMA1_Channel1_IRQHandler	8	static
stm32f1xx_it.c:248:6:USB_LP_CAN1_RX0_IRQHandler	8	static
stm32f1xx_it.c:262:6:TIM3_IRQHandler	8	static
stm32f1xx_it.c:276:6:TIM4_IRQHandler	8	static
stm32f1xx_it.c:290:6:EXTI15_10_IRQHandler	8	static
stm32f1xx_it.c:303:6:HAL_TIM_IC_CaptureCallback	8	static
stm32f1xx_it.c:319:6:HAL_ADC_ConvCpltCallback	16	static
stm32f1xx_it.c:343:6:HAL_GPIO_EXTI_Callback	8	static
