usbd_conf.c:648:20:USBD_Get_USB_Status	0	static
usbd_conf.c:71:6:HAL_PCD_MspInit	16	static
usbd_conf.c:90:6:HAL_PCD_MspDeInit	8	static
usbd_conf.c:117:6:HAL_PCD_SetupStageCallback	8	static
usbd_conf.c:132:6:HAL_PCD_DataOutStageCallback	8	static
usbd_conf.c:147:6:HAL_PCD_DataInStageCallback	8	static
usbd_conf.c:161:6:HAL_PCD_SOFCallback	8	static
usbd_conf.c:175:6:HAL_PCD_ResetCallback	8	static
usbd_conf.c:200:6:HAL_PCD_SuspendCallback	8	static
usbd_conf.c:225:6:HAL_PCD_ResumeCallback	8	static
usbd_conf.c:243:6:HAL_PCD_ISOOUTIncompleteCallback	8	static
usbd_conf.c:258:6:HAL_PCD_ISOINIncompleteCallback	8	static
usbd_conf.c:272:6:HAL_PCD_ConnectCallback	8	static
usbd_conf.c:286:6:HAL_PCD_DisconnectCallback	8	static
usbd_conf.c:301:20:USBD_LL_Init	8	static
usbd_conf.c:348:20:USBD_LL_DeInit	8	static
usbd_conf.c:365:20:USBD_LL_Start	8	static
usbd_conf.c:382:20:USBD_LL_Stop	8	static
usbd_conf.c:402:20:USBD_LL_OpenEP	8	static
usbd_conf.c:420:20:USBD_LL_CloseEP	8	static
usbd_conf.c:438:20:USBD_LL_FlushEP	8	static
usbd_conf.c:456:20:USBD_LL_StallEP	8	static
usbd_conf.c:474:20:USBD_LL_ClearStallEP	8	static
usbd_conf.c:492:9:USBD_LL_IsStallEP	0	static
usbd_conf.c:512:20:USBD_LL_SetUSBAddress	8	static
usbd_conf.c:532:20:USBD_LL_Transmit	8	static
usbd_conf.c:552:20:USBD_LL_PrepareReceive	8	static
usbd_conf.c:570:10:USBD_LL_GetRxDataSize	8	static
usbd_conf.c:580:6:USBD_LL_Delay	8	static
usbd_conf.c:590:7:USBD_static_malloc	0	static
usbd_conf.c:612:6:USBD_static_free	0	static
usbd_conf.c:626:6:HAL_PCDEx_SetConnectionState	0	static
